{
    "fastp_read_count": {
        "content": [
            [
                [
                    {
                        "id": "test",
                        "single_end": false,
                        "strandedness": "auto"
                    },
                    3022
                ]
            ]
        ],
        "meta": {
            "nf-test": "0.8.4",
            "nextflow": "24.04.3"
        },
        "timestamp": "2024-07-17T10:24:00.044553245"
    },
    "trimgalore_test_pe_reads_2_lines": {
        "content": "eccf3e9e74589ff01c77fce7f4548e41",
        "meta": {
            "nf-test": "0.8.4",
            "nextflow": "24.04.3"
        },
        "timestamp": "2024-07-17T10:24:26.838793051"
    },
    "fastp_test_pe_reads_1_size": {
        "content": [
            4508
        ],
        "meta": {
            "nf-test": "0.8.4",
            "nextflow": "24.04.3"
        },
        "timestamp": "2024-07-17T10:23:59.889337984"
    },
    "trimgalore_test_pe_reads_1_size": {
        "content": [
            4508
        ],
        "meta": {
            "nf-test": "0.8.4",
            "nextflow": "24.04.3"
        },
        "timestamp": "2024-07-17T10:24:26.778599725"
    },
    "trimgalore_test_pe_reads_1_lines": {
        "content": "3868fc1caf09367141d2bbf47e158823",
        "meta": {
            "nf-test": "0.8.4",
            "nextflow": "24.04.3"
        },
        "timestamp": "2024-07-17T10:24:26.774975135"
    },
    "fastp_test_pe_reads_2_lines": {
        "content": "eccf3e9e74589ff01c77fce7f4548e41",
        "meta": {
            "nf-test": "0.8.4",
            "nextflow": "24.04.3"
        },
        "timestamp": "2024-07-17T10:23:59.997625278"
    },
    "fastp_test_pe_reads_2_size": {
        "content": [
            4508
        ],
        "meta": {
            "nf-test": "0.8.4",
            "nextflow": "24.04.3"
        },
        "timestamp": "2024-07-17T10:24:00.042449965"
    },
    "trimgalore_test_pe_reads_2_size": {
        "content": [
            4508
        ],
        "meta": {
            "nf-test": "0.8.4",
            "nextflow": "24.04.3"
        },
        "timestamp": "2024-07-17T10:24:26.841434261"
    },
    "fastp_test_pe_reads_1_lines": {
        "content": "3868fc1caf09367141d2bbf47e158823",
        "meta": {
            "nf-test": "0.8.4",
            "nextflow": "24.04.3"
        },
        "timestamp": "2024-07-17T10:23:59.882844295"
    },
    "trimgalore_read_count": {
        "content": [
            [
                [
                    {
                        "id": "test",
                        "single_end": false,
                        "strandedness": "auto"
                    },
                    3022
                ]
            ]
        ],
        "meta": {
            "nf-test": "0.8.4",
            "nextflow": "24.04.3"
        },
        "timestamp": "2024-07-17T10:24:26.84402498"
    }
}