{
    "sarscov2 - bam - fasta - stub": {
        "content": [
            {
                "0": [
                    [
                        {
                            "id": "test"
                        },
                        "test.vcf:md5,d41d8cd98f00b204e9800998ecf8427e"
                    ]
                ],
                "1": [
                    "versions.yml:md5,9d8a5229ecda416f1a538ac0fa22051c"
                ],
                "vcf": [
                    [
                        {
                            "id": "test"
                        },
                        "test.vcf:md5,d41d8cd98f00b204e9800998ecf8427e"
                    ]
                ],
                "versions": [
                    "versions.yml:md5,9d8a5229ecda416f1a538ac0fa22051c"
                ]
            },
            [
                {
                    "CUTESV": {
                        "cuteSV": "2.0.2"
                    }
                }
            ]
        ],
        "meta": {
            "nf-test": "0.9.2",
            "nextflow": "24.10.5"
        },
        "timestamp": "2025-03-25T17:39:59.960829783"
    },
    "sarscov2 - bam - fasta": {
        "content": [
            [
                "versions.yml:md5,9d8a5229ecda416f1a538ac0fa22051c"
            ],
            [
                [
                    {
                        "id": "test"
                    },
                    "VcfFile [chromosomes=[], sampleCount=1, variantCount=0, phased=true, phasedAutodetect=true]"
                ]
            ]
        ],
        "meta": {
            "nf-test": "0.9.2",
            "nextflow": "24.10.5"
        },
        "timestamp": "2025-03-25T17:39:53.79202941"
    }
}