{
    "bam_coverage_plot": {
        "content": [
            "test_coverage_plot.pdf"
        ],
        "meta": {
            "nf-test": "0.8.4",
            "nextflow": "23.10.1"
        },
        "timestamp": "2024-03-06T13:47:07.297380921"
    },
    "bam_cbc_versions": {
        "content": [
            [
                "versions.yml:md5,b605daa15a7260619625e662566bffa1"
            ]
        ],
        "meta": {
            "nf-test": "0.8.4",
            "nextflow": "23.10.1"
        },
        "timestamp": "2024-03-06T13:50:18.894709282"
    },
    "bam_cbc_coverage_plot": {
        "content": [
            "test_coverage_plot.pdf"
        ],
        "meta": {
            "nf-test": "0.8.4",
            "nextflow": "23.10.1"
        },
        "timestamp": "2024-03-06T13:50:18.890519853"
    },
    "bam_hla_type": {
        "content": [
            [
                "B*08:01",
                "B*57:01",
                "C*06:02",
                "C*07:01",
                "1439.0"
            ]
        ],
        "meta": {
            "nf-test": "0.8.4",
            "nextflow": "23.10.1"
        },
        "timestamp": "2024-03-06T13:47:07.279221023"
    },
    "bam_versions": {
        "content": [
            [
                "versions.yml:md5,b605daa15a7260619625e662566bffa1"
            ]
        ],
        "meta": {
            "nf-test": "0.8.4",
            "nextflow": "23.10.1"
        },
        "timestamp": "2024-03-06T13:47:07.301900201"
    },
    "bam_cbc_hla_type": {
        "content": [
            [
                "B*08:01",
                "B*57:01",
                "C*06:02",
                "C*07:01",
                "1439.0"
            ]
        ],
        "meta": {
            "nf-test": "0.8.4",
            "nextflow": "23.10.1"
        },
        "timestamp": "2024-03-06T13:50:18.885995054"
    }
}