{
    "human - bed/bim/fam - remove - stub": {
        "content": [
            {
                "0": [
                    [
                        {
                            "id": "test"
                        },
                        "test.bim:md5,d41d8cd98f00b204e9800998ecf8427e"
                    ]
                ],
                "1": [
                    [
                        {
                            "id": "test"
                        },
                        "test.bed:md5,d41d8cd98f00b204e9800998ecf8427e"
                    ]
                ],
                "2": [
                    [
                        {
                            "id": "test"
                        },
                        "test.fam:md5,d41d8cd98f00b204e9800998ecf8427e"
                    ]
                ],
                "3": [
                    
                ],
                "4": [
                    
                ],
                "5": [
                    
                ],
                "6": [
                    "versions.yml:md5,32ee1177fa4e419aa2f72daae10ff3cf"
                ],
                "remove_bed": [
                    [
                        {
                            "id": "test"
                        },
                        "test.bed:md5,d41d8cd98f00b204e9800998ecf8427e"
                    ]
                ],
                "remove_bim": [
                    [
                        {
                            "id": "test"
                        },
                        "test.bim:md5,d41d8cd98f00b204e9800998ecf8427e"
                    ]
                ],
                "remove_fam": [
                    [
                        {
                            "id": "test"
                        },
                        "test.fam:md5,d41d8cd98f00b204e9800998ecf8427e"
                    ]
                ],
                "remove_pgen": [
                    
                ],
                "remove_psam": [
                    
                ],
                "remove_pvar": [
                    
                ],
                "versions": [
                    "versions.yml:md5,32ee1177fa4e419aa2f72daae10ff3cf"
                ]
            }
        ],
        "meta": {
            "nf-test": "0.9.2",
            "nextflow": "24.10.4"
        },
        "timestamp": "2025-03-28T14:02:38.833555"
    },
    "human - bed/bim/fam - remove": {
        "content": [
            {
                "0": [
                    [
                        {
                            "id": "test"
                        },
                        "test.bim:md5,41351028a80a8cf5bec0ab2db04af6c9"
                    ]
                ],
                "1": [
                    [
                        {
                            "id": "test"
                        },
                        "test.bed:md5,e1f17b70b8f213aa6d48dbde955451b4"
                    ]
                ],
                "2": [
                    [
                        {
                            "id": "test"
                        },
                        "test.fam:md5,56314a08dc651daea82dd5b04da02d31"
                    ]
                ],
                "3": [
                    
                ],
                "4": [
                    
                ],
                "5": [
                    
                ],
                "6": [
                    "versions.yml:md5,32ee1177fa4e419aa2f72daae10ff3cf"
                ],
                "remove_bed": [
                    [
                        {
                            "id": "test"
                        },
                        "test.bed:md5,e1f17b70b8f213aa6d48dbde955451b4"
                    ]
                ],
                "remove_bim": [
                    [
                        {
                            "id": "test"
                        },
                        "test.bim:md5,41351028a80a8cf5bec0ab2db04af6c9"
                    ]
                ],
                "remove_fam": [
                    [
                        {
                            "id": "test"
                        },
                        "test.fam:md5,56314a08dc651daea82dd5b04da02d31"
                    ]
                ],
                "remove_pgen": [
                    
                ],
                "remove_psam": [
                    
                ],
                "remove_pvar": [
                    
                ],
                "versions": [
                    "versions.yml:md5,32ee1177fa4e419aa2f72daae10ff3cf"
                ]
            }
        ],
        "meta": {
            "nf-test": "0.9.2",
            "nextflow": "24.10.4"
        },
        "timestamp": "2025-03-28T14:02:20.262972"
    },
    "human - pgen/pvar/psam - remove": {
        "content": [
            {
                "0": [
                    
                ],
                "1": [
                    
                ],
                "2": [
                    
                ],
                "3": [
                    [
                        {
                            "id": "test"
                        },
                        "test.pgen:md5,d37c6d0aa92f788705e98813907d197a"
                    ]
                ],
                "4": [
                    [
                        {
                            "id": "test"
                        },
                        "test.psam:md5,dcecc49a20b9e2b26fe9883789908203"
                    ]
                ],
                "5": [
                    [
                        {
                            "id": "test"
                        },
                        "test.pvar:md5,723cab01a7556da85d3594c1637ee5d4"
                    ]
                ],
                "6": [
                    "versions.yml:md5,32ee1177fa4e419aa2f72daae10ff3cf"
                ],
                "remove_bed": [
                    
                ],
                "remove_bim": [
                    
                ],
                "remove_fam": [
                    
                ],
                "remove_pgen": [
                    [
                        {
                            "id": "test"
                        },
                        "test.pgen:md5,d37c6d0aa92f788705e98813907d197a"
                    ]
                ],
                "remove_psam": [
                    [
                        {
                            "id": "test"
                        },
                        "test.psam:md5,dcecc49a20b9e2b26fe9883789908203"
                    ]
                ],
                "remove_pvar": [
                    [
                        {
                            "id": "test"
                        },
                        "test.pvar:md5,723cab01a7556da85d3594c1637ee5d4"
                    ]
                ],
                "versions": [
                    "versions.yml:md5,32ee1177fa4e419aa2f72daae10ff3cf"
                ]
            }
        ],
        "meta": {
            "nf-test": "0.9.2",
            "nextflow": "24.10.4"
        },
        "timestamp": "2025-03-28T14:02:29.601086"
    },
    "human - pgen/pvar/psam - remove - stub": {
        "content": [
            {
                "0": [
                    
                ],
                "1": [
                    
                ],
                "2": [
                    
                ],
                "3": [
                    [
                        {
                            "id": "test"
                        },
                        "test.pgen:md5,d41d8cd98f00b204e9800998ecf8427e"
                    ]
                ],
                "4": [
                    [
                        {
                            "id": "test"
                        },
                        "test.psam:md5,d41d8cd98f00b204e9800998ecf8427e"
                    ]
                ],
                "5": [
                    [
                        {
                            "id": "test"
                        },
                        "test.pvar:md5,d41d8cd98f00b204e9800998ecf8427e"
                    ]
                ],
                "6": [
                    "versions.yml:md5,32ee1177fa4e419aa2f72daae10ff3cf"
                ],
                "remove_bed": [
                    
                ],
                "remove_bim": [
                    
                ],
                "remove_fam": [
                    
                ],
                "remove_pgen": [
                    [
                        {
                            "id": "test"
                        },
                        "test.pgen:md5,d41d8cd98f00b204e9800998ecf8427e"
                    ]
                ],
                "remove_psam": [
                    [
                        {
                            "id": "test"
                        },
                        "test.psam:md5,d41d8cd98f00b204e9800998ecf8427e"
                    ]
                ],
                "remove_pvar": [
                    [
                        {
                            "id": "test"
                        },
                        "test.pvar:md5,d41d8cd98f00b204e9800998ecf8427e"
                    ]
                ],
                "versions": [
                    "versions.yml:md5,32ee1177fa4e419aa2f72daae10ff3cf"
                ]
            }
        ],
        "meta": {
            "nf-test": "0.9.2",
            "nextflow": "24.10.4"
        },
        "timestamp": "2025-03-28T14:55:51.6974"
    }
}