{
    "Bakta database download": {
        "content": [
            [
                "versions.yml:md5,df9b091b08a41b7d5eef95727b7eac29"
            ]
        ],
        "meta": {
            "nf-test": "0.8.4",
            "nextflow": "23.10.1"
        },
        "timestamp": "2024-03-19T11:34:41.812416438"
    },
    "Bakta database download - stub": {
        "content": [
            [
                [
                    
                ],
                "versions.yml:md5,df9b091b08a41b7d5eef95727b7eac29"
            ]
        ],
        "meta": {
            "nf-test": "0.8.4",
            "nextflow": "23.10.1"
        },
        "timestamp": "2024-03-19T11:35:01.082923401"
    }
}