{
    "iPHoP_db_rw_for-test": {
        "content": [
            [
                "versions.yml:md5,fb282fb8b508907399b215a764f65aff"
            ],
            [
                "iphop_db",
                "db",
                "All_CRISPR_spacers_nr_clean.fna",
                "All_CRISPR_spacers_nr_clean.ndb",
                "All_CRISPR_spacers_nr_clean.nhr",
                "All_CRISPR_spacers_nr_clean.nin",
                "All_CRISPR_spacers_nr_clean.not",
                "All_CRISPR_spacers_nr_clean.nsq",
                "All_CRISPR_spacers_nr_clean.ntf",
                "All_CRISPR_spacers_nr_clean.nto",
                "GTDBtkr202_and_newrepr_s2_mat.pkl",
                "Host_Genomes",
                "Host_Genomes.ndb",
                "Host_Genomes.nhr",
                "Host_Genomes.nin",
                "Host_Genomes.not",
                "Host_Genomes.nsq",
                "Host_Genomes.ntf",
                "Host_Genomes.nto",
                "php_db",
                "rafah_data",
                "HP_Ranger_Model_3_Filtered_0.9_Valids.hmm.h3f",
                "HP_Ranger_Model_3_Filtered_0.9_Valids.hmm.h3i",
                "HP_Ranger_Model_3_Filtered_0.9_Valids.hmm.h3m",
                "HP_Ranger_Model_3_Filtered_0.9_Valids.hmm.h3p",
                "HP_Ranger_Model_3_Valid_Cols.txt",
                "MMSeqs_Clusters_Ranger_Model_1+2+3_Clean.RData",
                "RaFAH_ref_cds.count.tsv",
                "RaFAH_ref_cds.dmnd",
                "rewish_models",
                "Batch_1.pkl",
                "wish_data",
                "Decoy_db",
                "Decoy_phages.fna",
                "db_infos",
                "All_CRISPR_array_size.tsv",
                "All_CRISPR_spacers_nr_clean.metrics.csv",
                "Host_Genomes.tsv",
                "List_contigs_removed_blast.tsv",
                "Translate_genus_to_full_taxo.tsv",
                "Wish_negFits.csv",
                "gtdbtk.ar122.decorated.tree",
                "gtdbtk.bac120.decorated.tree",
                "md5checkfile.txt"
            ]
        ],
        "meta": {
            "nf-test": "0.9.2",
            "nextflow": "24.10.5"
        },
        "timestamp": "2025-04-15T13:55:12.464298703"
    },
    "iPHoP_db_rw_for-test -- stub": {
        "content": [
            [
                [
                    [
                        "All_CRISPR_spacers_nr_clean.fna:md5,d41d8cd98f00b204e9800998ecf8427e",
                        "All_CRISPR_spacers_nr_clean.ndb:md5,d41d8cd98f00b204e9800998ecf8427e",
                        "All_CRISPR_spacers_nr_clean.nhr:md5,d41d8cd98f00b204e9800998ecf8427e",
                        "All_CRISPR_spacers_nr_clean.nin:md5,d41d8cd98f00b204e9800998ecf8427e",
                        "All_CRISPR_spacers_nr_clean.not:md5,d41d8cd98f00b204e9800998ecf8427e",
                        "All_CRISPR_spacers_nr_clean.nsq:md5,d41d8cd98f00b204e9800998ecf8427e",
                        "All_CRISPR_spacers_nr_clean.ntf:md5,d41d8cd98f00b204e9800998ecf8427e",
                        "All_CRISPR_spacers_nr_clean.nto:md5,d41d8cd98f00b204e9800998ecf8427e",
                        "GTDBtkr202_and_newrepr_s2_mat.pkl:md5,d41d8cd98f00b204e9800998ecf8427e",
                        [
                            "Host_Genomes.ndb:md5,d41d8cd98f00b204e9800998ecf8427e",
                            "Host_Genomes.nhr:md5,d41d8cd98f00b204e9800998ecf8427e",
                            "Host_Genomes.nin:md5,d41d8cd98f00b204e9800998ecf8427e",
                            "Host_Genomes.not:md5,d41d8cd98f00b204e9800998ecf8427e",
                            "Host_Genomes.nsq:md5,d41d8cd98f00b204e9800998ecf8427e",
                            "Host_Genomes.ntf:md5,d41d8cd98f00b204e9800998ecf8427e",
                            "Host_Genomes.nto:md5,d41d8cd98f00b204e9800998ecf8427e"
                        ],
                        "php_db:md5,d41d8cd98f00b204e9800998ecf8427e",
                        [
                            "HP_Ranger_Model_3_Filtered_0.9_Valids.hmm.h3f:md5,d41d8cd98f00b204e9800998ecf8427e",
                            "HP_Ranger_Model_3_Filtered_0.9_Valids.hmm.h3i:md5,d41d8cd98f00b204e9800998ecf8427e",
                            "HP_Ranger_Model_3_Filtered_0.9_Valids.hmm.h3m:md5,d41d8cd98f00b204e9800998ecf8427e",
                            "HP_Ranger_Model_3_Filtered_0.9_Valids.hmm.h3p:md5,d41d8cd98f00b204e9800998ecf8427e",
                            "HP_Ranger_Model_3_Valid_Cols.txt:md5,d41d8cd98f00b204e9800998ecf8427e",
                            "MMSeqs_Clusters_Ranger_Model_1+2+3_Clean.RData:md5,d41d8cd98f00b204e9800998ecf8427e",
                            "RaFAH_ref_cds.count.tsv:md5,d41d8cd98f00b204e9800998ecf8427e",
                            "RaFAH_ref_cds.dmnd:md5,d41d8cd98f00b204e9800998ecf8427e"
                        ],
                        [
                            "Batch_1.pkl:md5,d41d8cd98f00b204e9800998ecf8427e"
                        ],
                        [
                            [
                                "Decoy_phages.fna:md5,d41d8cd98f00b204e9800998ecf8427e"
                            ]
                        ]
                    ],
                    [
                        "All_CRISPR_array_size.tsv:md5,d41d8cd98f00b204e9800998ecf8427e",
                        "All_CRISPR_spacers_nr_clean.metrics.csv:md5,d41d8cd98f00b204e9800998ecf8427e",
                        "Host_Genomes.tsv:md5,d41d8cd98f00b204e9800998ecf8427e",
                        "List_contigs_removed_blast.tsv:md5,d41d8cd98f00b204e9800998ecf8427e",
                        "Translate_genus_to_full_taxo.tsv:md5,d41d8cd98f00b204e9800998ecf8427e",
                        "Wish_negFits.csv:md5,d41d8cd98f00b204e9800998ecf8427e",
                        "gtdbtk.ar122.decorated.tree:md5,d41d8cd98f00b204e9800998ecf8427e",
                        "gtdbtk.bac120.decorated.tree:md5,d41d8cd98f00b204e9800998ecf8427e"
                    ],
                    "md5checkfile.txt:md5,d41d8cd98f00b204e9800998ecf8427e"
                ]
            ],
            [
                "versions.yml:md5,fb282fb8b508907399b215a764f65aff"
            ],
            {
                "IPHOP_DOWNLOAD": {
                    "iphop": "1.3.2"
                }
            }
        ],
        "meta": {
            "nf-test": "0.9.2",
            "nextflow": "24.10.5"
        },
        "timestamp": "2025-04-15T19:49:59.824775487"
    }
}