{
    "test-expansionhunterdenovo-profile": {
        "content": [
            {
                "0": [
                    [
                        {
                            "id": "test",
                            "single_end": false
                        },
                        "test.locus.tsv:md5,225b2e8975f3ba50058db999824fef66"
                    ]
                ],
                "1": [
                    [
                        {
                            "id": "test",
                            "single_end": false
                        },
                        "test.motif.tsv:md5,7828d4d4c33ad4a8d70313f9e89758d7"
                    ]
                ],
                "2": [
                    [
                        {
                            "id": "test",
                            "single_end": false
                        },
                        "test.str_profile.json:md5,8709992cefee025118798df3ca878d0d"
                    ]
                ],
                "3": [
                    "versions.yml:md5,db98daacc305d0cba3ff6103a62a1677"
                ],
                "locus_tsv": [
                    [
                        {
                            "id": "test",
                            "single_end": false
                        },
                        "test.locus.tsv:md5,225b2e8975f3ba50058db999824fef66"
                    ]
                ],
                "motif_tsv": [
                    [
                        {
                            "id": "test",
                            "single_end": false
                        },
                        "test.motif.tsv:md5,7828d4d4c33ad4a8d70313f9e89758d7"
                    ]
                ],
                "str_profile": [
                    [
                        {
                            "id": "test",
                            "single_end": false
                        },
                        "test.str_profile.json:md5,8709992cefee025118798df3ca878d0d"
                    ]
                ],
                "versions": [
                    "versions.yml:md5,db98daacc305d0cba3ff6103a62a1677"
                ]
            }
        ],
        "meta": {
            "nf-test": "0.8.4",
            "nextflow": "24.04.4"
        },
        "timestamp": "2024-08-28T13:35:00.483786"
    },
    "test-expansionhunterdenovo-profile-cram": {
        "content": [
            {
                "0": [
                    [
                        {
                            "id": "test",
                            "single_end": false
                        },
                        "test.locus.tsv:md5,225b2e8975f3ba50058db999824fef66"
                    ]
                ],
                "1": [
                    [
                        {
                            "id": "test",
                            "single_end": false
                        },
                        "test.motif.tsv:md5,7828d4d4c33ad4a8d70313f9e89758d7"
                    ]
                ],
                "2": [
                    [
                        {
                            "id": "test",
                            "single_end": false
                        },
                        "test.str_profile.json:md5,8709992cefee025118798df3ca878d0d"
                    ]
                ],
                "3": [
                    "versions.yml:md5,db98daacc305d0cba3ff6103a62a1677"
                ],
                "locus_tsv": [
                    [
                        {
                            "id": "test",
                            "single_end": false
                        },
                        "test.locus.tsv:md5,225b2e8975f3ba50058db999824fef66"
                    ]
                ],
                "motif_tsv": [
                    [
                        {
                            "id": "test",
                            "single_end": false
                        },
                        "test.motif.tsv:md5,7828d4d4c33ad4a8d70313f9e89758d7"
                    ]
                ],
                "str_profile": [
                    [
                        {
                            "id": "test",
                            "single_end": false
                        },
                        "test.str_profile.json:md5,8709992cefee025118798df3ca878d0d"
                    ]
                ],
                "versions": [
                    "versions.yml:md5,db98daacc305d0cba3ff6103a62a1677"
                ]
            }
        ],
        "meta": {
            "nf-test": "0.8.4",
            "nextflow": "24.04.4"
        },
        "timestamp": "2024-08-28T13:35:06.781505"
    }
}