{
    "IntegronFinder - escherichia_coli - genome_fa_gz": {
        "content": [
            "no_gbk",
            [
                "# cmd: integron_finder --cpu 2 genome.fa",
                "ID_replicon\tCALIN\tcomplete\tIn0\ttopology\tsize",
                "chr\t0\t0\t0\tcirc\t48502"
            ],
            [
                "# cmd: integron_finder --cpu 2 genome.fa",
                "# No Integron found"
            ],
            [
                "versions.yml:md5,381190cf27737ed39ada1dfeec09dbe8"
            ],
            {
                "INTEGRONFINDER": {
                    "integronfinder": "2.0.5"
                }
            }
        ],
        "meta": {
            "nf-test": "0.9.2",
            "nextflow": "24.10.5"
        },
        "timestamp": "2025-04-02T18:53:05.832325584"
    },
    "IntegronFinder - escherichia_coli - genome_fa_gz - stub": {
        "content": [
            {
                "0": [
                    
                ],
                "1": [
                    [
                        {
                            "id": "test",
                            "single_end": false
                        },
                        "test.integrons:md5,d41d8cd98f00b204e9800998ecf8427e"
                    ]
                ],
                "2": [
                    [
                        {
                            "id": "test",
                            "single_end": false
                        },
                        "test.summary:md5,d41d8cd98f00b204e9800998ecf8427e"
                    ]
                ],
                "3": [
                    [
                        {
                            "id": "test",
                            "single_end": false
                        },
                        "integron_finder.out:md5,d41d8cd98f00b204e9800998ecf8427e"
                    ]
                ],
                "4": [
                    "versions.yml:md5,381190cf27737ed39ada1dfeec09dbe8"
                ],
                "gbk": [
                    
                ],
                "integrons": [
                    [
                        {
                            "id": "test",
                            "single_end": false
                        },
                        "test.integrons:md5,d41d8cd98f00b204e9800998ecf8427e"
                    ]
                ],
                "out": [
                    [
                        {
                            "id": "test",
                            "single_end": false
                        },
                        "integron_finder.out:md5,d41d8cd98f00b204e9800998ecf8427e"
                    ]
                ],
                "summary": [
                    [
                        {
                            "id": "test",
                            "single_end": false
                        },
                        "test.summary:md5,d41d8cd98f00b204e9800998ecf8427e"
                    ]
                ],
                "versions": [
                    "versions.yml:md5,381190cf27737ed39ada1dfeec09dbe8"
                ]
            }
        ],
        "meta": {
            "nf-test": "0.9.2",
            "nextflow": "24.10.5"
        },
        "timestamp": "2025-04-02T16:19:41.207197789"
    }
}