{
    "Should run with a different symbol column": {
        "content": [
            {
                "0": [
                    [
                        {
                            "id": "test"
                        },
                        "test_filtered.h5ad:md5,5e4f50b4961a1d67a1091056868f34a0"
                    ]
                ],
                "1": [
                    "versions.yml:md5,a2e4b6b01deba3f07dce478c56acb14d"
                ],
                "h5ad": [
                    [
                        {
                            "id": "test"
                        },
                        "test_filtered.h5ad:md5,5e4f50b4961a1d67a1091056868f34a0"
                    ]
                ],
                "versions": [
                    "versions.yml:md5,a2e4b6b01deba3f07dce478c56acb14d"
                ]
            },
            {
                "SCANPY_FILTER": {
                    "python": "3.12.11",
                    "scanpy": "1.11.2"
                }
            }
        ],
        "meta": {
            "nf-test": "0.9.2",
            "nextflow": "25.04.3"
        },
        "timestamp": "2025-07-04T09:48:00.155846767"
    },
    "Should run without failures - stub": {
        "content": [
            {
                "0": [
                    [
                        {
                            "id": "test"
                        },
                        "test_filtered.h5ad:md5,d41d8cd98f00b204e9800998ecf8427e"
                    ]
                ],
                "1": [
                    "versions.yml:md5,8bcc268104b7c43e2be4e678081d0596"
                ],
                "h5ad": [
                    [
                        {
                            "id": "test"
                        },
                        "test_filtered.h5ad:md5,d41d8cd98f00b204e9800998ecf8427e"
                    ]
                ],
                "versions": [
                    "versions.yml:md5,8bcc268104b7c43e2be4e678081d0596"
                ]
            },
            {
                "SCANPY_FILTER": {
                    "python": "3.12.11",
                    "scanpy": "1.11.2"
                }
            }
        ],
        "meta": {
            "nf-test": "0.9.2",
            "nextflow": "25.04.3"
        },
        "timestamp": "2025-06-25T10:28:53.871079892"
    },
    "Should run without failures": {
        "content": [
            {
                "0": [
                    [
                        {
                            "id": "test"
                        },
                        "test_filtered.h5ad:md5,5e4f50b4961a1d67a1091056868f34a0"
                    ]
                ],
                "1": [
                    "versions.yml:md5,a2e4b6b01deba3f07dce478c56acb14d"
                ],
                "h5ad": [
                    [
                        {
                            "id": "test"
                        },
                        "test_filtered.h5ad:md5,5e4f50b4961a1d67a1091056868f34a0"
                    ]
                ],
                "versions": [
                    "versions.yml:md5,a2e4b6b01deba3f07dce478c56acb14d"
                ]
            },
            {
                "SCANPY_FILTER": {
                    "python": "3.12.11",
                    "scanpy": "1.11.2"
                }
            }
        ],
        "meta": {
            "nf-test": "0.9.2",
            "nextflow": "25.04.3"
        },
        "timestamp": "2025-07-04T09:47:51.215629629"
    }
}