{
    "ampcombi2_cluster - metagenome": {
        "content": [
            true,
            true,
            [
                "versions.yml:md5,4e9aa3812bfee6ec22a1b6ccb62de2ca"
            ]
        ],
        "meta": {
            "nf-test": "0.8.4",
            "nextflow": "23.10.1"
        },
        "timestamp": "2024-04-24T12:11:40.928513749"
    },
    "ampcombi2_cluster - metagenome - stub": {
        "content": [
            {
                "0": [
                    "Ampcombi_summary_cluster.tsv:md5,d41d8cd98f00b204e9800998ecf8427e"
                ],
                "1": [
                    "Ampcombi_summary_cluster_representative_seq.tsv:md5,d41d8cd98f00b204e9800998ecf8427e"
                ],
                "2": [
                    "Ampcombi_cluster.log:md5,d41d8cd98f00b204e9800998ecf8427e"
                ],
                "3": [
                    "versions.yml:md5,4e9aa3812bfee6ec22a1b6ccb62de2ca"
                ],
                "cluster_tsv": [
                    "Ampcombi_summary_cluster.tsv:md5,d41d8cd98f00b204e9800998ecf8427e"
                ],
                "log": [
                    "Ampcombi_cluster.log:md5,d41d8cd98f00b204e9800998ecf8427e"
                ],
                "rep_cluster_tsv": [
                    "Ampcombi_summary_cluster_representative_seq.tsv:md5,d41d8cd98f00b204e9800998ecf8427e"
                ],
                "versions": [
                    "versions.yml:md5,4e9aa3812bfee6ec22a1b6ccb62de2ca"
                ]
            }
        ],
        "meta": {
            "nf-test": "0.8.4",
            "nextflow": "23.10.1"
        },
        "timestamp": "2024-04-24T12:12:08.780718892"
    }
}