{
    "human - cram - best-practice": {
        "content": [
            "a500521b4aa64e8f247d57fcb3195b39",
            [
                "test.somatic_indels.vcf.gz.tbi"
            ],
            "17d4e21e50940b4e75cca144af09ce66",
            [
                "test.somatic_snvs.vcf.gz.tbi"
            ],
            [
                "versions.yml:md5,97860fb8f9cda9494819160f7cf6e35b"
            ]
        ],
        "meta": {
            "nf-test": "0.9.2",
            "nextflow": "24.10.4"
        },
        "timestamp": "2025-04-08T14:18:48.400058"
    },
    "human - cram - stub": {
        "content": [
            {
                "0": [
                    [
                        {
                            "id": "test",
                            "single_end": false
                        },
                        "test.somatic_indels.vcf.gz:md5,68b329da9893e34099c7d8ad5cb9c940"
                    ]
                ],
                "1": [
                    [
                        {
                            "id": "test",
                            "single_end": false
                        },
                        "test.somatic_indels.vcf.gz.tbi:md5,d41d8cd98f00b204e9800998ecf8427e"
                    ]
                ],
                "2": [
                    [
                        {
                            "id": "test",
                            "single_end": false
                        },
                        "test.somatic_snvs.vcf.gz:md5,68b329da9893e34099c7d8ad5cb9c940"
                    ]
                ],
                "3": [
                    [
                        {
                            "id": "test",
                            "single_end": false
                        },
                        "test.somatic_snvs.vcf.gz.tbi:md5,d41d8cd98f00b204e9800998ecf8427e"
                    ]
                ],
                "4": [
                    "versions.yml:md5,97860fb8f9cda9494819160f7cf6e35b"
                ],
                "vcf_indels": [
                    [
                        {
                            "id": "test",
                            "single_end": false
                        },
                        "test.somatic_indels.vcf.gz:md5,68b329da9893e34099c7d8ad5cb9c940"
                    ]
                ],
                "vcf_indels_tbi": [
                    [
                        {
                            "id": "test",
                            "single_end": false
                        },
                        "test.somatic_indels.vcf.gz.tbi:md5,d41d8cd98f00b204e9800998ecf8427e"
                    ]
                ],
                "vcf_snvs": [
                    [
                        {
                            "id": "test",
                            "single_end": false
                        },
                        "test.somatic_snvs.vcf.gz:md5,68b329da9893e34099c7d8ad5cb9c940"
                    ]
                ],
                "vcf_snvs_tbi": [
                    [
                        {
                            "id": "test",
                            "single_end": false
                        },
                        "test.somatic_snvs.vcf.gz.tbi:md5,d41d8cd98f00b204e9800998ecf8427e"
                    ]
                ],
                "versions": [
                    "versions.yml:md5,97860fb8f9cda9494819160f7cf6e35b"
                ]
            }
        ],
        "meta": {
            "nf-test": "0.8.4",
            "nextflow": "23.10.1"
        },
        "timestamp": "2024-03-20T15:08:42.361540303"
    },
    "human - cram": {
        "content": [
            "6b8a01b52186fcaf3ec74e5bf1b5426",
            [
                "test.somatic_indels.vcf.gz.tbi"
            ],
            "866236c526138e4e08fdc2fa87b08417",
            [
                "test.somatic_snvs.vcf.gz.tbi"
            ],
            [
                "versions.yml:md5,97860fb8f9cda9494819160f7cf6e35b"
            ]
        ],
        "meta": {
            "nf-test": "0.9.2",
            "nextflow": "24.10.4"
        },
        "timestamp": "2025-04-08T14:17:42.760334"
    },
    "human - bam": {
        "content": [
            "6b8a01b52186fcaf3ec74e5bf1b5426",
            [
                "test.somatic_indels.vcf.gz.tbi"
            ],
            "866236c526138e4e08fdc2fa87b08417",
            [
                "test.somatic_snvs.vcf.gz.tbi"
            ],
            [
                "versions.yml:md5,97860fb8f9cda9494819160f7cf6e35b"
            ]
        ],
        "meta": {
            "nf-test": "0.9.2",
            "nextflow": "24.10.4"
        },
        "timestamp": "2025-04-08T14:48:34.656324"
    }
}