{
    "sarscov2 - stub": {
        "content": [
            {
                "0": [
                    [
                        {
                            "id": "test"
                        },
                        "test_rhocall.vcf:md5,d41d8cd98f00b204e9800998ecf8427e"
                    ]
                ],
                "1": [
                    "versions.yml:md5,9df04f5e1e5975d4b24735cb18806987"
                ],
                "vcf": [
                    [
                        {
                            "id": "test"
                        },
                        "test_rhocall.vcf:md5,d41d8cd98f00b204e9800998ecf8427e"
                    ]
                ],
                "versions": [
                    "versions.yml:md5,9df04f5e1e5975d4b24735cb18806987"
                ]
            }
        ],
        "meta": {
            "nf-test": "0.9.2",
            "nextflow": "24.10.6"
        },
        "timestamp": "2025-05-07T11:35:38.640805062"
    },
    "sarscov2": {
        "content": [
            "bc7bf3ee9e8430e064c539eb81e59bf9",
            [
                "versions.yml:md5,9df04f5e1e5975d4b24735cb18806987"
            ],
            {
                "RHOCALL_ANNOTATE": {
                    "rhocall": "0.5.1"
                }
            }
        ],
        "meta": {
            "nf-test": "0.9.2",
            "nextflow": "24.10.6"
        },
        "timestamp": "2025-05-07T11:13:58.507032304"
    }
}