{
    "sarscov2 - metagenome - kraken report": {
        "content": [
            {
                "0": [
                    [
                        {
                            "id": "test"
                        },
                        "test.txt:md5,481c4b987b922979baf74f2ce8d88b02"
                    ]
                ],
                "1": [
                    "versions.yml:md5,a907962abbd9f5dcd34c9e8a4e6100d0"
                ],
                "txt": [
                    [
                        {
                            "id": "test"
                        },
                        "test.txt:md5,481c4b987b922979baf74f2ce8d88b02"
                    ]
                ],
                "versions": [
                    "versions.yml:md5,a907962abbd9f5dcd34c9e8a4e6100d0"
                ]
            }
        ],
        "meta": {
            "nf-test": "0.8.4",
            "nextflow": "23.04.1"
        },
        "timestamp": "2024-08-07T09:12:42.382189"
    },
    "sarscov2 - metagenome - kraken report - stub": {
        "content": [
            {
                "0": [
                    [
                        {
                            "id": "test"
                        },
                        "test.txt:md5,d41d8cd98f00b204e9800998ecf8427e"
                    ]
                ],
                "1": [
                    "versions.yml:md5,a907962abbd9f5dcd34c9e8a4e6100d0"
                ],
                "txt": [
                    [
                        {
                            "id": "test"
                        },
                        "test.txt:md5,d41d8cd98f00b204e9800998ecf8427e"
                    ]
                ],
                "versions": [
                    "versions.yml:md5,a907962abbd9f5dcd34c9e8a4e6100d0"
                ]
            }
        ],
        "meta": {
            "nf-test": "0.8.4",
            "nextflow": "23.04.1"
        },
        "timestamp": "2024-08-07T09:12:46.705759"
    }
}
