{
    "test-metaphlan-makedb": {
        "content": [
            [
                "mpa_vJan21_TOY_CHOCOPhlAnSGB_202103.1.bt2l",
                "mpa_vJan21_TOY_CHOCOPhlAnSGB_202103.2.bt2l",
                "mpa_vJan21_TOY_CHOCOPhlAnSGB_202103.3.bt2l",
                "mpa_vJan21_TOY_CHOCOPhlAnSGB_202103.4.bt2l",
                "mpa_vJan21_TOY_CHOCOPhlAnSGB_202103.fna.bz2",
                "mpa_vJan21_TOY_CHOCOPhlAnSGB_202103.pkl",
                "mpa_vJan21_TOY_CHOCOPhlAnSGB_202103.rev.1.bt2l",
                "mpa_vJan21_TOY_CHOCOPhlAnSGB_202103.rev.2.bt2l",
                "mpa_vJan21_TOY_CHOCOPhlAnSGB_202103_VINFO.csv",
                "mpa_vJan21_TOY_CHOCOPhlAnSGB_202103_VSG.fna"
            ],
            [
                "versions.yml:md5,5e0a5d647d68d6ad9d57c6138ddf7d45"
            ]
        ],
        "meta": {
            "nf-test": "0.9.0",
            "nextflow": "24.04.4"
        },
        "timestamp": "2024-08-30T20:55:39.743819"
    },
    "test-metaphlan-makedb-stub": {
        "content": [
            {
                "0": [
                    [
                        "mpa_latest:md5,d41d8cd98f00b204e9800998ecf8427e",
                        "mpa_v31_CHOCOPhlAn_201901.1.bt2:md5,d41d8cd98f00b204e9800998ecf8427e",
                        "mpa_v31_CHOCOPhlAn_201901.2.bt2:md5,d41d8cd98f00b204e9800998ecf8427e",
                        "mpa_v31_CHOCOPhlAn_201901.3.bt2:md5,d41d8cd98f00b204e9800998ecf8427e",
                        "mpa_v31_CHOCOPhlAn_201901.4.bt2:md5,d41d8cd98f00b204e9800998ecf8427e",
                        "mpa_v31_CHOCOPhlAn_201901.fna.bz2:md5,d41d8cd98f00b204e9800998ecf8427e",
                        "mpa_v31_CHOCOPhlAn_201901.md5:md5,d41d8cd98f00b204e9800998ecf8427e",
                        "mpa_v31_CHOCOPhlAn_201901.pkl:md5,d41d8cd98f00b204e9800998ecf8427e",
                        "mpa_v31_CHOCOPhlAn_201901.rev.1.bt2:md5,d41d8cd98f00b204e9800998ecf8427e",
                        "mpa_v31_CHOCOPhlAn_201901.rev.2.bt2:md5,d41d8cd98f00b204e9800998ecf8427e",
                        "mpa_v31_CHOCOPhlAn_201901.tar:md5,d41d8cd98f00b204e9800998ecf8427e"
                    ]
                ],
                "1": [
                    "versions.yml:md5,5e0a5d647d68d6ad9d57c6138ddf7d45"
                ],
                "db": [
                    [
                        "mpa_latest:md5,d41d8cd98f00b204e9800998ecf8427e",
                        "mpa_v31_CHOCOPhlAn_201901.1.bt2:md5,d41d8cd98f00b204e9800998ecf8427e",
                        "mpa_v31_CHOCOPhlAn_201901.2.bt2:md5,d41d8cd98f00b204e9800998ecf8427e",
                        "mpa_v31_CHOCOPhlAn_201901.3.bt2:md5,d41d8cd98f00b204e9800998ecf8427e",
                        "mpa_v31_CHOCOPhlAn_201901.4.bt2:md5,d41d8cd98f00b204e9800998ecf8427e",
                        "mpa_v31_CHOCOPhlAn_201901.fna.bz2:md5,d41d8cd98f00b204e9800998ecf8427e",
                        "mpa_v31_CHOCOPhlAn_201901.md5:md5,d41d8cd98f00b204e9800998ecf8427e",
                        "mpa_v31_CHOCOPhlAn_201901.pkl:md5,d41d8cd98f00b204e9800998ecf8427e",
                        "mpa_v31_CHOCOPhlAn_201901.rev.1.bt2:md5,d41d8cd98f00b204e9800998ecf8427e",
                        "mpa_v31_CHOCOPhlAn_201901.rev.2.bt2:md5,d41d8cd98f00b204e9800998ecf8427e",
                        "mpa_v31_CHOCOPhlAn_201901.tar:md5,d41d8cd98f00b204e9800998ecf8427e"
                    ]
                ],
                "versions": [
                    "versions.yml:md5,5e0a5d647d68d6ad9d57c6138ddf7d45"
                ]
            }
        ],
        "meta": {
            "nf-test": "0.9.0",
            "nextflow": "24.04.4"
        },
        "timestamp": "2024-08-30T20:55:46.394376"
    }
}