{
    "homo_sapiens - hist": {
        "content": [
            {
                "0": [
                    [
                        {
                            "id": "test",
                            "single_end": true
                        },
                        [
                            "test_linear_plot.png:md5,bb221e2e21a6c0d04dcb6ec8f1bf1cd7",
                            "test_transformed_linear_plot.png:md5,3c8e3ad315e6c15cdf51c87de277ec1f"
                        ]
                    ]
                ],
                "1": [
                    [
                        {
                            "id": "test",
                            "single_end": true
                        },
                        [
                            "test_log_plot.png:md5,d71ad0c963775992043c8f3c55d27fc4",
                            "test_transformed_log_plot.png:md5,90d983c6faa9b8a02a1d26b777feefc6"
                        ]
                    ]
                ],
                "2": [
                    [
                        {
                            "id": "test",
                            "single_end": true
                        },
                        "test_model.txt:md5,49e5a66cf02b53a3b20880bfabef2ee8"
                    ]
                ],
                "3": [
                    [
                        {
                            "id": "test",
                            "single_end": true
                        },
                        "test_summary.txt:md5,34540dcc2ba4ab9530f8878bbdc0921c"
                    ]
                ],
                "4": [
                    [
                        {
                            "id": "test",
                            "single_end": true
                        },
                        "test_transformed_linear_plot.png:md5,3c8e3ad315e6c15cdf51c87de277ec1f"
                    ]
                ],
                "5": [
                    [
                        {
                            "id": "test",
                            "single_end": true
                        },
                        "test_transformed_log_plot.png:md5,90d983c6faa9b8a02a1d26b777feefc6"
                    ]
                ],
                "6": [
                    [
                        {
                            "id": "test",
                            "single_end": true
                        },
                        "12.25"
                    ]
                ],
                "7": [
                    "versions.yml:md5,de2e6adb831619dff8e2e7262736ba5a"
                ],
                "kmer_cov": [
                    [
                        {
                            "id": "test",
                            "single_end": true
                        },
                        "12.25"
                    ]
                ],
                "linear_plot": [
                    [
                        {
                            "id": "test",
                            "single_end": true
                        },
                        [
                            "test_linear_plot.png:md5,bb221e2e21a6c0d04dcb6ec8f1bf1cd7",
                            "test_transformed_linear_plot.png:md5,3c8e3ad315e6c15cdf51c87de277ec1f"
                        ]
                    ]
                ],
                "log_plot": [
                    [
                        {
                            "id": "test",
                            "single_end": true
                        },
                        [
                            "test_log_plot.png:md5,d71ad0c963775992043c8f3c55d27fc4",
                            "test_transformed_log_plot.png:md5,90d983c6faa9b8a02a1d26b777feefc6"
                        ]
                    ]
                ],
                "model": [
                    [
                        {
                            "id": "test",
                            "single_end": true
                        },
                        "test_model.txt:md5,49e5a66cf02b53a3b20880bfabef2ee8"
                    ]
                ],
                "summary": [
                    [
                        {
                            "id": "test",
                            "single_end": true
                        },
                        "test_summary.txt:md5,34540dcc2ba4ab9530f8878bbdc0921c"
                    ]
                ],
                "transformed_linear_plot": [
                    [
                        {
                            "id": "test",
                            "single_end": true
                        },
                        "test_transformed_linear_plot.png:md5,3c8e3ad315e6c15cdf51c87de277ec1f"
                    ]
                ],
                "transformed_log_plot": [
                    [
                        {
                            "id": "test",
                            "single_end": true
                        },
                        "test_transformed_log_plot.png:md5,90d983c6faa9b8a02a1d26b777feefc6"
                    ]
                ],
                "versions": [
                    "versions.yml:md5,de2e6adb831619dff8e2e7262736ba5a"
                ]
            }
        ],
        "meta": {
            "nf-test": "0.9.2",
            "nextflow": "24.10.4"
        },
        "timestamp": "2025-04-11T15:34:21.631389751"
    },
    "homo_sapiens - hist -- stub": {
        "content": [
            {
                "0": [
                    [
                        {
                            "id": "test",
                            "single_end": true
                        },
                        [
                            "test_linear_plot.png:md5,d41d8cd98f00b204e9800998ecf8427e",
                            "test_transformed_linear_plot.png:md5,d41d8cd98f00b204e9800998ecf8427e"
                        ]
                    ]
                ],
                "1": [
                    [
                        {
                            "id": "test",
                            "single_end": true
                        },
                        [
                            "test_log_plot.png:md5,d41d8cd98f00b204e9800998ecf8427e",
                            "test_transformed_log_plot.png:md5,d41d8cd98f00b204e9800998ecf8427e"
                        ]
                    ]
                ],
                "2": [
                    [
                        {
                            "id": "test",
                            "single_end": true
                        },
                        "test_model.txt:md5,d41d8cd98f00b204e9800998ecf8427e"
                    ]
                ],
                "3": [
                    [
                        {
                            "id": "test",
                            "single_end": true
                        },
                        "test_summary.txt:md5,d41d8cd98f00b204e9800998ecf8427e"
                    ]
                ],
                "4": [
                    [
                        {
                            "id": "test",
                            "single_end": true
                        },
                        "test_transformed_linear_plot.png:md5,d41d8cd98f00b204e9800998ecf8427e"
                    ]
                ],
                "5": [
                    [
                        {
                            "id": "test",
                            "single_end": true
                        },
                        "test_transformed_log_plot.png:md5,d41d8cd98f00b204e9800998ecf8427e"
                    ]
                ],
                "6": [
                    [
                        {
                            "id": "test",
                            "single_end": true
                        },
                        "0.00"
                    ]
                ],
                "7": [
                    "versions.yml:md5,de2e6adb831619dff8e2e7262736ba5a"
                ],
                "kmer_cov": [
                    [
                        {
                            "id": "test",
                            "single_end": true
                        },
                        "0.00"
                    ]
                ],
                "linear_plot": [
                    [
                        {
                            "id": "test",
                            "single_end": true
                        },
                        [
                            "test_linear_plot.png:md5,d41d8cd98f00b204e9800998ecf8427e",
                            "test_transformed_linear_plot.png:md5,d41d8cd98f00b204e9800998ecf8427e"
                        ]
                    ]
                ],
                "log_plot": [
                    [
                        {
                            "id": "test",
                            "single_end": true
                        },
                        [
                            "test_log_plot.png:md5,d41d8cd98f00b204e9800998ecf8427e",
                            "test_transformed_log_plot.png:md5,d41d8cd98f00b204e9800998ecf8427e"
                        ]
                    ]
                ],
                "model": [
                    [
                        {
                            "id": "test",
                            "single_end": true
                        },
                        "test_model.txt:md5,d41d8cd98f00b204e9800998ecf8427e"
                    ]
                ],
                "summary": [
                    [
                        {
                            "id": "test",
                            "single_end": true
                        },
                        "test_summary.txt:md5,d41d8cd98f00b204e9800998ecf8427e"
                    ]
                ],
                "transformed_linear_plot": [
                    [
                        {
                            "id": "test",
                            "single_end": true
                        },
                        "test_transformed_linear_plot.png:md5,d41d8cd98f00b204e9800998ecf8427e"
                    ]
                ],
                "transformed_log_plot": [
                    [
                        {
                            "id": "test",
                            "single_end": true
                        },
                        "test_transformed_log_plot.png:md5,d41d8cd98f00b204e9800998ecf8427e"
                    ]
                ],
                "versions": [
                    "versions.yml:md5,de2e6adb831619dff8e2e7262736ba5a"
                ]
            },
            {
                "GENESCOPEFK": {
                    "genescopefk": "380815c420f50171f9234a0fd1ff426b39829b91",
                    "r": "4.2.0"
                }
            }
        ],
        "meta": {
            "nf-test": "0.9.2",
            "nextflow": "24.10.4"
        },
        "timestamp": "2025-04-11T15:05:55.106012575"
    }
}