{
    "sarscov2 - index bed": {
        "content": [
            {
                "0": [
                    [
                        {
                            "id": "test"
                        },
                        "test_map.wig:md5,c940a5c35af6ac1c11ecc87b7662fc2a"
                    ]
                ],
                "1": [
                    [
                        {
                            "id": "test"
                        },
                        "test_map.bedgraph:md5,27ca54c920f3ff0c5985384e557a40f2"
                    ]
                ],
                "2": [
                    [
                        {
                            "id": "test"
                        },
                        "test_map.txt:md5,7f9aeaa3d174bb5e6f552efd4f857b4e"
                    ]
                ],
                "3": [
                    [
                        {
                            "id": "test"
                        },
                        "test_map.csv:md5,4167a6c7ffbecc1a239c5c1e16b2cbc5"
                    ]
                ],
                "4": [
                    "versions.yml:md5,c510ddb0e56c8961d4cf9d538a789087"
                ],
                "bedgraph": [
                    [
                        {
                            "id": "test"
                        },
                        "test_map.bedgraph:md5,27ca54c920f3ff0c5985384e557a40f2"
                    ]
                ],
                "csv": [
                    [
                        {
                            "id": "test"
                        },
                        "test_map.csv:md5,4167a6c7ffbecc1a239c5c1e16b2cbc5"
                    ]
                ],
                "txt": [
                    [
                        {
                            "id": "test"
                        },
                        "test_map.txt:md5,7f9aeaa3d174bb5e6f552efd4f857b4e"
                    ]
                ],
                "versions": [
                    "versions.yml:md5,c510ddb0e56c8961d4cf9d538a789087"
                ],
                "wig": [
                    [
                        {
                            "id": "test"
                        },
                        "test_map.wig:md5,c940a5c35af6ac1c11ecc87b7662fc2a"
                    ]
                ]
            }
        ],
        "meta": {
            "nf-test": "0.9.2",
            "nextflow": "24.10.4"
        },
        "timestamp": "2025-04-11T16:10:45.401177409"
    },
    "sarscov2 - index bed -- stub": {
        "content": [
            {
                "0": [
                    [
                        {
                            "id": "test"
                        },
                        "test_map.wig:md5,d41d8cd98f00b204e9800998ecf8427e"
                    ]
                ],
                "1": [
                    [
                        {
                            "id": "test"
                        },
                        "test_map.bedgraph:md5,d41d8cd98f00b204e9800998ecf8427e"
                    ]
                ],
                "2": [
                    [
                        {
                            "id": "test"
                        },
                        "test_map.txt:md5,d41d8cd98f00b204e9800998ecf8427e"
                    ]
                ],
                "3": [
                    [
                        {
                            "id": "test"
                        },
                        "test_map.csv:md5,d41d8cd98f00b204e9800998ecf8427e"
                    ]
                ],
                "4": [
                    "versions.yml:md5,c510ddb0e56c8961d4cf9d538a789087"
                ],
                "bedgraph": [
                    [
                        {
                            "id": "test"
                        },
                        "test_map.bedgraph:md5,d41d8cd98f00b204e9800998ecf8427e"
                    ]
                ],
                "csv": [
                    [
                        {
                            "id": "test"
                        },
                        "test_map.csv:md5,d41d8cd98f00b204e9800998ecf8427e"
                    ]
                ],
                "txt": [
                    [
                        {
                            "id": "test"
                        },
                        "test_map.txt:md5,d41d8cd98f00b204e9800998ecf8427e"
                    ]
                ],
                "versions": [
                    "versions.yml:md5,c510ddb0e56c8961d4cf9d538a789087"
                ],
                "wig": [
                    [
                        {
                            "id": "test"
                        },
                        "test_map.wig:md5,d41d8cd98f00b204e9800998ecf8427e"
                    ]
                ]
            },
            {
                "GENMAP_MAP": {
                    "genmap": "1.3.0"
                }
            }
        ],
        "meta": {
            "nf-test": "0.9.2",
            "nextflow": "24.10.4"
        },
        "timestamp": "2025-04-11T16:10:51.374175856"
    }
}