{
    "sarscov2 - bam - stub": {
        "content": [
            {
                "0": [
                    [
                        {
                            "id": "test",
                            "single_end": false
                        },
                        "test.bam:md5,d41d8cd98f00b204e9800998ecf8427e"
                    ]
                ],
                "1": [
                    
                ],
                "2": [
                    
                ],
                "3": [
                    
                ],
                "4": [
                    [
                        {
                            "id": "test",
                            "single_end": false
                        },
                        "test.metrics:md5,d41d8cd98f00b204e9800998ecf8427e"
                    ]
                ],
                "5": [
                    "versions.yml:md5,cd361852bb57be36b152d408121eab50"
                ],
                "bam": [
                    [
                        {
                            "id": "test",
                            "single_end": false
                        },
                        "test.bam:md5,d41d8cd98f00b204e9800998ecf8427e"
                    ]
                ],
                "crai": [
                    
                ],
                "cram": [
                    
                ],
                "csi": [
                    
                ],
                "metrics": [
                    [
                        {
                            "id": "test",
                            "single_end": false
                        },
                        "test.metrics:md5,d41d8cd98f00b204e9800998ecf8427e"
                    ]
                ],
                "versions": [
                    "versions.yml:md5,cd361852bb57be36b152d408121eab50"
                ]
            }
        ],
        "meta": {
            "nf-test": "0.8.4",
            "nextflow": "23.10.1"
        },
        "timestamp": "2024-03-05T07:47:32.119697"
    },
    "sarscov2 - bam": {
        "content": [
            {
                "0": [
                    [
                        {
                            "id": "test",
                            "single_end": false
                        },
                        "test.bam:md5,33b4c8ab46856f9ced3a9f86628f268c"
                    ]
                ],
                "1": [
                    
                ],
                "2": [
                    
                ],
                "3": [
                    
                ],
                "4": [
                    [
                        {
                            "id": "test",
                            "single_end": false
                        },
                        "test.metrics:md5,bed5fec5c6c55500f10042eba21f9d13"
                    ]
                ],
                "5": [
                    "versions.yml:md5,cd361852bb57be36b152d408121eab50"
                ],
                "bam": [
                    [
                        {
                            "id": "test",
                            "single_end": false
                        },
                        "test.bam:md5,33b4c8ab46856f9ced3a9f86628f268c"
                    ]
                ],
                "crai": [
                    
                ],
                "cram": [
                    
                ],
                "csi": [
                    
                ],
                "metrics": [
                    [
                        {
                            "id": "test",
                            "single_end": false
                        },
                        "test.metrics:md5,bed5fec5c6c55500f10042eba21f9d13"
                    ]
                ],
                "versions": [
                    "versions.yml:md5,cd361852bb57be36b152d408121eab50"
                ]
            }
        ],
        "meta": {
            "nf-test": "0.8.4",
            "nextflow": "23.10.1"
        },
        "timestamp": "2024-03-05T07:47:09.878487"
    }
}