{
    "SAMTOOLS STATS Should run without failures": {
        "content": [
            {
                "0": [
                    [
                        {
                            "id": "test",
                            "single_end": false
                        },
                        "test.stats:md5,6e768486d5df0257351c5419a79f9c9b"
                    ]
                ],
                "1": [
                    "versions.yml:md5,08035f3409d934d47a416150884bb0df"
                ],
                "stats": [
                    [
                        {
                            "id": "test",
                            "single_end": false
                        },
                        "test.stats:md5,6e768486d5df0257351c5419a79f9c9b"
                    ]
                ],
                "versions": [
                    "versions.yml:md5,08035f3409d934d47a416150884bb0df"
                ]
            }
        ],
        "timestamp": "2023-10-18T12:12:42.998746"
    },
    "SAMTOOLS CRAM Should run without failures": {
        "content": [
            {
                "0": [
                    [
                        {
                            "id": "test",
                            "single_end": false
                        },
                        "test.stats:md5,7c9ee5747793cceb9d6f4d733345641a"
                    ]
                ],
                "1": [
                    "versions.yml:md5,08035f3409d934d47a416150884bb0df"
                ],
                "stats": [
                    [
                        {
                            "id": "test",
                            "single_end": false
                        },
                        "test.stats:md5,7c9ee5747793cceb9d6f4d733345641a"
                    ]
                ],
                "versions": [
                    "versions.yml:md5,08035f3409d934d47a416150884bb0df"
                ]
            }
        ],
        "timestamp": "2023-10-18T12:13:30.747222"
    }
}