{
    "versions_stub": {
        "content": [
            [
                "versions.yml:md5,6d858a3f76d1852b879f15436882c3cf"
            ]
        ],
        "meta": {
            "nf-test": "0.8.4",
            "nextflow": "23.10.1"
        },
        "timestamp": "2024-03-19T16:52:19.198122"
    },
    "versions": {
        "content": [
            [
                "versions.yml:md5,6d858a3f76d1852b879f15436882c3cf"
            ]
        ],
        "meta": {
            "nf-test": "0.8.4",
            "nextflow": "23.10.1"
        },
        "timestamp": "2024-03-19T16:52:07.413799"
    }
}