{
    "versions": {
        "content": [
            [
                "versions.yml:md5,20a853f50c920d431e5ab7593ca79e6f"
            ]
        ],
        "meta": {
            "nf-test": "0.8.4",
            "nextflow": "23.10.1"
        },
        "timestamp": "2024-03-12T11:53:02.392516336"
    },
    "tsv": {
        "content": [
            [
                [
                    {
                        "id": "test_result",
                        "single_end": true
                    },
                    "test_result.tsv:md5,4e7ba50ce2879660dc6595286bf0d097"
                ]
            ]
        ],
        "meta": {
            "nf-test": "0.8.4",
            "nextflow": "23.10.1"
        },
        "timestamp": "2024-03-12T11:53:02.311022721"
    },
    "mmseqs/createtsv - bacteroides_fragilis - taxonomy - stub": {
        "content": [
            {
                "0": [
                    [
                        {
                            "id": "test_query",
                            "single_end": false
                        },
                        "test_query.tsv:md5,d41d8cd98f00b204e9800998ecf8427e"
                    ]
                ],
                "1": [
                    "versions.yml:md5,20a853f50c920d431e5ab7593ca79e6f"
                ],
                "tsv": [
                    [
                        {
                            "id": "test_query",
                            "single_end": false
                        },
                        "test_query.tsv:md5,d41d8cd98f00b204e9800998ecf8427e"
                    ]
                ],
                "versions": [
                    "versions.yml:md5,20a853f50c920d431e5ab7593ca79e6f"
                ]
            }
        ],
        "meta": {
            "nf-test": "0.8.4",
            "nextflow": "23.10.1"
        },
        "timestamp": "2024-03-12T11:53:11.715695614"
    },
    "mmseqs/createtsv - sarscov2 - cluster - stub": {
        "content": [
            {
                "0": [
                    [
                        {
                            "id": "test_result",
                            "single_end": true
                        },
                        "test_result.tsv:md5,d41d8cd98f00b204e9800998ecf8427e"
                    ]
                ],
                "1": [
                    "versions.yml:md5,20a853f50c920d431e5ab7593ca79e6f"
                ],
                "tsv": [
                    [
                        {
                            "id": "test_result",
                            "single_end": true
                        },
                        "test_result.tsv:md5,d41d8cd98f00b204e9800998ecf8427e"
                    ]
                ],
                "versions": [
                    "versions.yml:md5,20a853f50c920d431e5ab7593ca79e6f"
                ]
            }
        ],
        "meta": {
            "nf-test": "0.8.4",
            "nextflow": "23.10.1"
        },
        "timestamp": "2024-03-12T11:53:21.386186911"
    },
    "mmseqs/createtsv - bacteroides_fragilis - taxonomy": {
        "content": [
            {
                "0": [
                    [
                        {
                            "id": "test_query",
                            "single_end": false
                        },
                        "test_query.tsv:md5,9179f5c85b8b87a4dc998c9d17840161"
                    ]
                ],
                "1": [
                    "versions.yml:md5,20a853f50c920d431e5ab7593ca79e6f"
                ],
                "tsv": [
                    [
                        {
                            "id": "test_query",
                            "single_end": false
                        },
                        "test_query.tsv:md5,9179f5c85b8b87a4dc998c9d17840161"
                    ]
                ],
                "versions": [
                    "versions.yml:md5,20a853f50c920d431e5ab7593ca79e6f"
                ]
            }
        ],
        "meta": {
            "nf-test": "0.8.4",
            "nextflow": "23.10.1"
        },
        "timestamp": "2024-03-12T11:52:51.792345007"
    }
}
