{
    "[bam, bai], fasta, bed - traditional, HP": {
        "content": [
            {
                "0": [
                    [
                        {
                            "id": "test"
                        },
                        [
                            "test_1.bed:md5,464a9870774c340753e79639aeaf76c2",
                            "test_2.bed:md5,118de4b653dd082d76faa8802df493eb"
                        ]
                    ]
                ],
                "1": [
                    
                ],
                "2": [
                    
                ],
                "3": [
                    "versions.yml:md5,aa9f1fd8a0c9ab9709f381f864f6cdbe"
                ],
                "bed": [
                    [
                        {
                            "id": "test"
                        },
                        [
                            "test_1.bed:md5,464a9870774c340753e79639aeaf76c2",
                            "test_2.bed:md5,118de4b653dd082d76faa8802df493eb"
                        ]
                    ]
                ],
                "bedgraph": [
                    
                ],
                "log": [
                    
                ],
                "versions": [
                    "versions.yml:md5,aa9f1fd8a0c9ab9709f381f864f6cdbe"
                ]
            }
        ],
        "meta": {
            "nf-test": "0.8.4",
            "nextflow": "24.04.2"
        },
        "timestamp": "2024-06-10T09:09:40.272533628"
    },
    "[bam, bai], fasta, bed - traditional, HP, bedgraph - stub": {
        "content": [
            {
                "0": [
                    [
                        {
                            "id": "test"
                        },
                        "test.bed:md5,d41d8cd98f00b204e9800998ecf8427e"
                    ]
                ],
                "1": [
                    [
                        {
                            "id": "test"
                        },
                        "test.bedgraph:md5,d41d8cd98f00b204e9800998ecf8427e"
                    ]
                ],
                "2": [
                    [
                        {
                            "id": "test"
                        },
                        "test.log:md5,d41d8cd98f00b204e9800998ecf8427e"
                    ]
                ],
                "3": [
                    "versions.yml:md5,aa9f1fd8a0c9ab9709f381f864f6cdbe"
                ],
                "bed": [
                    [
                        {
                            "id": "test"
                        },
                        "test.bed:md5,d41d8cd98f00b204e9800998ecf8427e"
                    ]
                ],
                "bedgraph": [
                    [
                        {
                            "id": "test"
                        },
                        "test.bedgraph:md5,d41d8cd98f00b204e9800998ecf8427e"
                    ]
                ],
                "log": [
                    [
                        {
                            "id": "test"
                        },
                        "test.log:md5,d41d8cd98f00b204e9800998ecf8427e"
                    ]
                ],
                "versions": [
                    "versions.yml:md5,aa9f1fd8a0c9ab9709f381f864f6cdbe"
                ]
            }
        ],
        "meta": {
            "nf-test": "0.8.4",
            "nextflow": "24.04.2"
        },
        "timestamp": "2024-06-10T09:11:33.234594142"
    },
    "[bam, bai], fasta, []": {
        "content": [
            {
                "0": [
                    [
                        {
                            "id": "test"
                        },
                        "test.bed:md5,f973de342df883efc1656c82a3a3978d"
                    ]
                ],
                "1": [
                    
                ],
                "2": [
                    
                ],
                "3": [
                    "versions.yml:md5,aa9f1fd8a0c9ab9709f381f864f6cdbe"
                ],
                "bed": [
                    [
                        {
                            "id": "test"
                        },
                        "test.bed:md5,f973de342df883efc1656c82a3a3978d"
                    ]
                ],
                "bedgraph": [
                    
                ],
                "log": [
                    
                ],
                "versions": [
                    "versions.yml:md5,aa9f1fd8a0c9ab9709f381f864f6cdbe"
                ]
            }
        ],
        "meta": {
            "nf-test": "0.8.4",
            "nextflow": "24.04.2"
        },
        "timestamp": "2024-06-10T09:09:03.537667806"
    },
    "[bam, bai], fasta, bed - traditional - stub": {
        "content": [
            {
                "0": [
                    [
                        {
                            "id": "test"
                        },
                        "test.bed:md5,d41d8cd98f00b204e9800998ecf8427e"
                    ]
                ],
                "1": [
                    [
                        {
                            "id": "test"
                        },
                        "test.bedgraph:md5,d41d8cd98f00b204e9800998ecf8427e"
                    ]
                ],
                "2": [
                    [
                        {
                            "id": "test"
                        },
                        "test.log:md5,d41d8cd98f00b204e9800998ecf8427e"
                    ]
                ],
                "3": [
                    "versions.yml:md5,aa9f1fd8a0c9ab9709f381f864f6cdbe"
                ],
                "bed": [
                    [
                        {
                            "id": "test"
                        },
                        "test.bed:md5,d41d8cd98f00b204e9800998ecf8427e"
                    ]
                ],
                "bedgraph": [
                    [
                        {
                            "id": "test"
                        },
                        "test.bedgraph:md5,d41d8cd98f00b204e9800998ecf8427e"
                    ]
                ],
                "log": [
                    [
                        {
                            "id": "test"
                        },
                        "test.log:md5,d41d8cd98f00b204e9800998ecf8427e"
                    ]
                ],
                "versions": [
                    "versions.yml:md5,aa9f1fd8a0c9ab9709f381f864f6cdbe"
                ]
            }
        ],
        "meta": {
            "nf-test": "0.8.4",
            "nextflow": "24.04.2"
        },
        "timestamp": "2024-06-10T09:10:45.47904997"
    },
    "[bam, bai], fasta, bed - traditional, HP - stub": {
        "content": [
            {
                "0": [
                    [
                        {
                            "id": "test"
                        },
                        "test.bed:md5,d41d8cd98f00b204e9800998ecf8427e"
                    ]
                ],
                "1": [
                    [
                        {
                            "id": "test"
                        },
                        "test.bedgraph:md5,d41d8cd98f00b204e9800998ecf8427e"
                    ]
                ],
                "2": [
                    [
                        {
                            "id": "test"
                        },
                        "test.log:md5,d41d8cd98f00b204e9800998ecf8427e"
                    ]
                ],
                "3": [
                    "versions.yml:md5,aa9f1fd8a0c9ab9709f381f864f6cdbe"
                ],
                "bed": [
                    [
                        {
                            "id": "test"
                        },
                        "test.bed:md5,d41d8cd98f00b204e9800998ecf8427e"
                    ]
                ],
                "bedgraph": [
                    [
                        {
                            "id": "test"
                        },
                        "test.bedgraph:md5,d41d8cd98f00b204e9800998ecf8427e"
                    ]
                ],
                "log": [
                    [
                        {
                            "id": "test"
                        },
                        "test.log:md5,d41d8cd98f00b204e9800998ecf8427e"
                    ]
                ],
                "versions": [
                    "versions.yml:md5,aa9f1fd8a0c9ab9709f381f864f6cdbe"
                ]
            }
        ],
        "meta": {
            "nf-test": "0.8.4",
            "nextflow": "24.04.2"
        },
        "timestamp": "2024-06-10T09:11:06.023194848"
    },
    "[bam, bai], fasta, [] - stub": {
        "content": [
            {
                "0": [
                    [
                        {
                            "id": "test"
                        },
                        "test.bed:md5,d41d8cd98f00b204e9800998ecf8427e"
                    ]
                ],
                "1": [
                    [
                        {
                            "id": "test"
                        },
                        "test.bedgraph:md5,d41d8cd98f00b204e9800998ecf8427e"
                    ]
                ],
                "2": [
                    [
                        {
                            "id": "test"
                        },
                        "test.log:md5,d41d8cd98f00b204e9800998ecf8427e"
                    ]
                ],
                "3": [
                    "versions.yml:md5,aa9f1fd8a0c9ab9709f381f864f6cdbe"
                ],
                "bed": [
                    [
                        {
                            "id": "test"
                        },
                        "test.bed:md5,d41d8cd98f00b204e9800998ecf8427e"
                    ]
                ],
                "bedgraph": [
                    [
                        {
                            "id": "test"
                        },
                        "test.bedgraph:md5,d41d8cd98f00b204e9800998ecf8427e"
                    ]
                ],
                "log": [
                    [
                        {
                            "id": "test"
                        },
                        "test.log:md5,d41d8cd98f00b204e9800998ecf8427e"
                    ]
                ],
                "versions": [
                    "versions.yml:md5,aa9f1fd8a0c9ab9709f381f864f6cdbe"
                ]
            }
        ],
        "meta": {
            "nf-test": "0.8.4",
            "nextflow": "24.04.2"
        },
        "timestamp": "2024-06-10T09:10:17.995261822"
    },
    "[bam, bai], fasta, bed - stub": {
        "content": [
            {
                "0": [
                    [
                        {
                            "id": "test"
                        },
                        "test.bed:md5,d41d8cd98f00b204e9800998ecf8427e"
                    ]
                ],
                "1": [
                    [
                        {
                            "id": "test"
                        },
                        "test.bedgraph:md5,d41d8cd98f00b204e9800998ecf8427e"
                    ]
                ],
                "2": [
                    [
                        {
                            "id": "test"
                        },
                        "test.log:md5,d41d8cd98f00b204e9800998ecf8427e"
                    ]
                ],
                "3": [
                    "versions.yml:md5,aa9f1fd8a0c9ab9709f381f864f6cdbe"
                ],
                "bed": [
                    [
                        {
                            "id": "test"
                        },
                        "test.bed:md5,d41d8cd98f00b204e9800998ecf8427e"
                    ]
                ],
                "bedgraph": [
                    [
                        {
                            "id": "test"
                        },
                        "test.bedgraph:md5,d41d8cd98f00b204e9800998ecf8427e"
                    ]
                ],
                "log": [
                    [
                        {
                            "id": "test"
                        },
                        "test.log:md5,d41d8cd98f00b204e9800998ecf8427e"
                    ]
                ],
                "versions": [
                    "versions.yml:md5,aa9f1fd8a0c9ab9709f381f864f6cdbe"
                ]
            }
        ],
        "meta": {
            "nf-test": "0.8.4",
            "nextflow": "24.04.2"
        },
        "timestamp": "2024-06-10T09:10:30.574897879"
    },
    "[bam, bai], [], []": {
        "content": [
            {
                "0": [
                    [
                        {
                            "id": "test"
                        },
                        "test.bed:md5,f973de342df883efc1656c82a3a3978d"
                    ]
                ],
                "1": [
                    
                ],
                "2": [
                    
                ],
                "3": [
                    "versions.yml:md5,aa9f1fd8a0c9ab9709f381f864f6cdbe"
                ],
                "bed": [
                    [
                        {
                            "id": "test"
                        },
                        "test.bed:md5,f973de342df883efc1656c82a3a3978d"
                    ]
                ],
                "bedgraph": [
                    
                ],
                "log": [
                    
                ],
                "versions": [
                    "versions.yml:md5,aa9f1fd8a0c9ab9709f381f864f6cdbe"
                ]
            }
        ],
        "meta": {
            "nf-test": "0.8.4",
            "nextflow": "24.04.2"
        },
        "timestamp": "2024-06-10T09:08:51.291346508"
    },
    "[bam, bai], [], [] - stub": {
        "content": [
            {
                "0": [
                    [
                        {
                            "id": "test"
                        },
                        "test.bed:md5,d41d8cd98f00b204e9800998ecf8427e"
                    ]
                ],
                "1": [
                    [
                        {
                            "id": "test"
                        },
                        "test.bedgraph:md5,d41d8cd98f00b204e9800998ecf8427e"
                    ]
                ],
                "2": [
                    [
                        {
                            "id": "test"
                        },
                        "test.log:md5,d41d8cd98f00b204e9800998ecf8427e"
                    ]
                ],
                "3": [
                    "versions.yml:md5,aa9f1fd8a0c9ab9709f381f864f6cdbe"
                ],
                "bed": [
                    [
                        {
                            "id": "test"
                        },
                        "test.bed:md5,d41d8cd98f00b204e9800998ecf8427e"
                    ]
                ],
                "bedgraph": [
                    [
                        {
                            "id": "test"
                        },
                        "test.bedgraph:md5,d41d8cd98f00b204e9800998ecf8427e"
                    ]
                ],
                "log": [
                    [
                        {
                            "id": "test"
                        },
                        "test.log:md5,d41d8cd98f00b204e9800998ecf8427e"
                    ]
                ],
                "versions": [
                    "versions.yml:md5,aa9f1fd8a0c9ab9709f381f864f6cdbe"
                ]
            }
        ],
        "meta": {
            "nf-test": "0.8.4",
            "nextflow": "24.04.2"
        },
        "timestamp": "2024-06-10T09:10:05.670301111"
    },
    "[bam, bai], fasta, bed": {
        "content": [
            {
                "0": [
                    [
                        {
                            "id": "test"
                        },
                        "test.bed:md5,ac38ce3bed1f8aa770d1e1a9f332e170"
                    ]
                ],
                "1": [
                    
                ],
                "2": [
                    
                ],
                "3": [
                    "versions.yml:md5,aa9f1fd8a0c9ab9709f381f864f6cdbe"
                ],
                "bed": [
                    [
                        {
                            "id": "test"
                        },
                        "test.bed:md5,ac38ce3bed1f8aa770d1e1a9f332e170"
                    ]
                ],
                "bedgraph": [
                    
                ],
                "log": [
                    
                ],
                "versions": [
                    "versions.yml:md5,aa9f1fd8a0c9ab9709f381f864f6cdbe"
                ]
            }
        ],
        "meta": {
            "nf-test": "0.8.4",
            "nextflow": "24.04.2"
        },
        "timestamp": "2024-06-10T09:09:15.042805699"
    },
    "[bam, bai], fasta, bed - traditional, HP, bedgraph": {
        "content": [
            {
                "0": [
                    
                ],
                "1": [
                    [
                        {
                            "id": "test"
                        },
                        [
                            "test_1_m_CG0_combined.bedgraph:md5,af55904c9acbafa17ff35ee3239152d0",
                            "test_2_m_CG0_combined.bedgraph:md5,13554927fb35b71a98c0e6bcdc3945c9"
                        ]
                    ]
                ],
                "2": [
                    
                ],
                "3": [
                    "versions.yml:md5,aa9f1fd8a0c9ab9709f381f864f6cdbe"
                ],
                "bed": [
                    
                ],
                "bedgraph": [
                    [
                        {
                            "id": "test"
                        },
                        [
                            "test_1_m_CG0_combined.bedgraph:md5,af55904c9acbafa17ff35ee3239152d0",
                            "test_2_m_CG0_combined.bedgraph:md5,13554927fb35b71a98c0e6bcdc3945c9"
                        ]
                    ]
                ],
                "log": [
                    
                ],
                "versions": [
                    "versions.yml:md5,aa9f1fd8a0c9ab9709f381f864f6cdbe"
                ]
            }
        ],
        "meta": {
            "nf-test": "0.8.4",
            "nextflow": "24.04.2"
        },
        "timestamp": "2024-06-10T09:09:52.968133216"
    },
    "[bam, bai], fasta, bed - traditional": {
        "content": [
            {
                "0": [
                    [
                        {
                            "id": "test"
                        },
                        "test.bed:md5,db6333f714a8ea4aa33902404a8d4812"
                    ]
                ],
                "1": [
                    
                ],
                "2": [
                    
                ],
                "3": [
                    "versions.yml:md5,aa9f1fd8a0c9ab9709f381f864f6cdbe"
                ],
                "bed": [
                    [
                        {
                            "id": "test"
                        },
                        "test.bed:md5,db6333f714a8ea4aa33902404a8d4812"
                    ]
                ],
                "bedgraph": [
                    
                ],
                "log": [
                    
                ],
                "versions": [
                    "versions.yml:md5,aa9f1fd8a0c9ab9709f381f864f6cdbe"
                ]
            }
        ],
        "meta": {
            "nf-test": "0.8.4",
            "nextflow": "24.04.2"
        },
        "timestamp": "2024-06-10T09:09:27.735400826"
    }
}