{
    "demultiplexing - stub": {
        "content": [
            {
                "0": [
                    [
                        {
                            "id": "sample1"
                        },
                        "sample1_summary.tsv:md5,d41d8cd98f00b204e9800998ecf8427e"
                    ]
                ],
                "1": [
                    [
                        {
                            "id": "sample1"
                        },
                        "sample1_donor_ids.tsv:md5,d41d8cd98f00b204e9800998ecf8427e"
                    ]
                ],
                "2": [
                    [
                        {
                            "id": "sample1"
                        },
                        "sample1_prob_singlet.tsv.gz:md5,68b329da9893e34099c7d8ad5cb9c940"
                    ]
                ],
                "3": [
                    [
                        {
                            "id": "sample1"
                        },
                        "sample1_prob_doublet.tsv.gz:md5,68b329da9893e34099c7d8ad5cb9c940"
                    ]
                ],
                "4": [
                    "versions.yml:md5,b16f367dd80f537073c53ccaf9fd547d"
                ],
                "donor_ids": [
                    [
                        {
                            "id": "sample1"
                        },
                        "sample1_donor_ids.tsv:md5,d41d8cd98f00b204e9800998ecf8427e"
                    ]
                ],
                "prob_doublets": [
                    [
                        {
                            "id": "sample1"
                        },
                        "sample1_prob_doublet.tsv.gz:md5,68b329da9893e34099c7d8ad5cb9c940"
                    ]
                ],
                "prob_singlets": [
                    [
                        {
                            "id": "sample1"
                        },
                        "sample1_prob_singlet.tsv.gz:md5,68b329da9893e34099c7d8ad5cb9c940"
                    ]
                ],
                "summary": [
                    [
                        {
                            "id": "sample1"
                        },
                        "sample1_summary.tsv:md5,d41d8cd98f00b204e9800998ecf8427e"
                    ]
                ],
                "versions": [
                    "versions.yml:md5,b16f367dd80f537073c53ccaf9fd547d"
                ]
            }
        ],
        "meta": {
            "nf-test": "0.8.4",
            "nextflow": "23.10.1"
        },
        "timestamp": "2024-05-08T22:38:03.769285328"
    },
    "demultiplexing": {
        "content": [
            {
                "0": [
                    [
                        {
                            "id": "test"
                        },
                        "test_summary.tsv:md5,94b0ce40cc86bbe7fbacebf98e685ee7"
                    ]
                ],
                "1": [
                    [
                        {
                            "id": "test"
                        },
                        "test_donor_ids.tsv:md5,2d3eadd8d1a3f26428b383e7a98d2ced"
                    ]
                ],
                "2": [
                    [
                        {
                            "id": "test"
                        },
                        "test_prob_singlet.tsv.gz:md5,d1e6d055fda3c96713912da79994b48c"
                    ]
                ],
                "3": [
                    [
                        {
                            "id": "test"
                        },
                        "test_prob_doublet.tsv.gz:md5,6d7e979931de2b66b89618be47fc079c"
                    ]
                ],
                "4": [
                    "versions.yml:md5,b16f367dd80f537073c53ccaf9fd547d"
                ],
                "donor_ids": [
                    [
                        {
                            "id": "test"
                        },
                        "test_donor_ids.tsv:md5,2d3eadd8d1a3f26428b383e7a98d2ced"
                    ]
                ],
                "prob_doublets": [
                    [
                        {
                            "id": "test"
                        },
                        "test_prob_doublet.tsv.gz:md5,6d7e979931de2b66b89618be47fc079c"
                    ]
                ],
                "prob_singlets": [
                    [
                        {
                            "id": "test"
                        },
                        "test_prob_singlet.tsv.gz:md5,d1e6d055fda3c96713912da79994b48c"
                    ]
                ],
                "summary": [
                    [
                        {
                            "id": "test"
                        },
                        "test_summary.tsv:md5,94b0ce40cc86bbe7fbacebf98e685ee7"
                    ]
                ],
                "versions": [
                    "versions.yml:md5,b16f367dd80f537073c53ccaf9fd547d"
                ]
            }
        ],
        "meta": {
            "nf-test": "0.8.4",
            "nextflow": "23.10.1"
        },
        "timestamp": "2024-05-08T22:35:04.435257747"
    }
}