{
    "multi bam": {
        "content": [
            [
                [
                    {
                        "id": "test",
                        "single_end": false
                    },
                    "test_UnmarkDuplicates.bam:md5,3723a12f43c15628a2dde0e68e1ae343"
                ]
            ]
        ],
        "meta": {
            "nf-test": "0.9.2",
            "nextflow": "24.10.5"
        },
        "timestamp": "2025-03-28T16:00:53.693147"
    },
    "sarscov2 - bam - stub": {
        "content": [
            {
                "0": [
                    [
                        {
                            "id": "test",
                            "single_end": false
                        },
                        "test_UnmarkDuplicates.bam:md5,d41d8cd98f00b204e9800998ecf8427e"
                    ]
                ],
                "1": [
                    [
                        {
                            "id": "test",
                            "single_end": false
                        },
                        "test_UnmarkDuplicates.bai:md5,d41d8cd98f00b204e9800998ecf8427e"
                    ]
                ],
                "2": [
                    "versions.yml:md5,38963b2a5709c7b6f3d97915cc8bfe50"
                ],
                "bai": [
                    [
                        {
                            "id": "test",
                            "single_end": false
                        },
                        "test_UnmarkDuplicates.bai:md5,d41d8cd98f00b204e9800998ecf8427e"
                    ]
                ],
                "bam": [
                    [
                        {
                            "id": "test",
                            "single_end": false
                        },
                        "test_UnmarkDuplicates.bam:md5,d41d8cd98f00b204e9800998ecf8427e"
                    ]
                ],
                "versions": [
                    "versions.yml:md5,38963b2a5709c7b6f3d97915cc8bfe50"
                ]
            }
        ],
        "meta": {
            "nf-test": "0.9.2",
            "nextflow": "24.10.5"
        },
        "timestamp": "2025-03-28T16:01:20.128405"
    },
    "multi bai": {
        "content": [
            [
                [
                    {
                        "id": "test",
                        "single_end": false
                    },
                    "test_UnmarkDuplicates.bai:md5,033bea816cfb968ae01b5451e9ac2ac4"
                ]
            ]
        ],
        "meta": {
            "nf-test": "0.9.2",
            "nextflow": "24.10.5"
        },
        "timestamp": "2025-03-28T16:00:53.702211"
    },
    "sarscov2 - bam": {
        "content": [
            {
                "0": [
                    [
                        {
                            "id": "test",
                            "single_end": false
                        },
                        "test_UnmarkDuplicates.bam:md5,c2728362b7cbd63767bd0bc0fbf26e16"
                    ]
                ],
                "1": [
                    [
                        {
                            "id": "test",
                            "single_end": false
                        },
                        "test_UnmarkDuplicates.bai:md5,010fbec4550a52cc16c4b719b3b358a1"
                    ]
                ],
                "2": [
                    "versions.yml:md5,38963b2a5709c7b6f3d97915cc8bfe50"
                ],
                "bai": [
                    [
                        {
                            "id": "test",
                            "single_end": false
                        },
                        "test_UnmarkDuplicates.bai:md5,010fbec4550a52cc16c4b719b3b358a1"
                    ]
                ],
                "bam": [
                    [
                        {
                            "id": "test",
                            "single_end": false
                        },
                        "test_UnmarkDuplicates.bam:md5,c2728362b7cbd63767bd0bc0fbf26e16"
                    ]
                ],
                "versions": [
                    "versions.yml:md5,38963b2a5709c7b6f3d97915cc8bfe50"
                ]
            }
        ],
        "meta": {
            "nf-test": "0.9.2",
            "nextflow": "24.10.5"
        },
        "timestamp": "2025-03-28T15:59:57.655713"
    },
    "multi versions": {
        "content": [
            [
                "versions.yml:md5,38963b2a5709c7b6f3d97915cc8bfe50"
            ]
        ],
        "meta": {
            "nf-test": "0.9.2",
            "nextflow": "24.10.5"
        },
        "timestamp": "2025-03-28T16:00:53.70895"
    }
}