{
    "sarscov2 - fasta - stub": {
        "content": [
            {
                "0": [
                    [
                        {
                            "id": "test"
                        },
                        "test.txt:md5,d41d8cd98f00b204e9800998ecf8427e"
                    ]
                ],
                "1": [
                    "versions.yml:md5,d21925bd41f67039425ac09278c847d0"
                ],
                "crabsdb": [
                    [
                        {
                            "id": "test"
                        },
                        "test.txt:md5,d41d8cd98f00b204e9800998ecf8427e"
                    ]
                ],
                "versions": [
                    "versions.yml:md5,d21925bd41f67039425ac09278c847d0"
                ]
            },
            {
                "CRABS_IMPORT": {
                    "crabs": "1.0.7"
                }
            }
        ],
        "meta": {
            "nf-test": "0.9.2",
            "nextflow": "24.10.4"
        },
        "timestamp": "2025-06-02T10:22:19.14791"
    },
    "sarscov2 - fasta": {
        "content": [
            {
                "0": [
                    [
                        {
                            "id": "test"
                        },
                        "test.txt:md5,22c8c613e67ce3f5237a6c4646a0abb1"
                    ]
                ],
                "1": [
                    "versions.yml:md5,d21925bd41f67039425ac09278c847d0"
                ],
                "crabsdb": [
                    [
                        {
                            "id": "test"
                        },
                        "test.txt:md5,22c8c613e67ce3f5237a6c4646a0abb1"
                    ]
                ],
                "versions": [
                    "versions.yml:md5,d21925bd41f67039425ac09278c847d0"
                ]
            }
        ],
        "meta": {
            "nf-test": "0.9.2",
            "nextflow": "24.10.4"
        },
        "timestamp": "2025-06-02T12:55:24.000777"
    }
}