{
    "test-bedtools-maskfasta": {
        "content": [
            {
                "0": [
                    [
                        {
                            "id": "test"
                        },
                        "test.fa:md5,f4f6749698f11074228d2c79338e3b9c"
                    ]
                ],
                "1": [
                    "versions.yml:md5,441689b51fc99b551e274857bb36445a"
                ],
                "fasta": [
                    [
                        {
                            "id": "test"
                        },
                        "test.fa:md5,f4f6749698f11074228d2c79338e3b9c"
                    ]
                ],
                "versions": [
                    "versions.yml:md5,441689b51fc99b551e274857bb36445a"
                ]
            }
        ],
        "meta": {
            "nf-test": "0.8.4",
            "nextflow": "24.04.4"
        },
        "timestamp": "2024-08-26T13:57:44.016613"
    }
}