{
    "homo_sapiens - reference": {
        "content": [
            {
                "0": [
                    "genome.filtered.gtf:md5,50fc877b1c53b36b3b413aff88bda48c"
                ],
                "1": [
                    "versions.yml:md5,440fb677a34013b092e10c5daa9916e9"
                ],
                "gtf": [
                    "genome.filtered.gtf:md5,50fc877b1c53b36b3b413aff88bda48c"
                ],
                "versions": [
                    "versions.yml:md5,440fb677a34013b092e10c5daa9916e9"
                ]
            }
        ],
        "meta": {
            "nf-test": "0.8.4",
            "nextflow": "23.10.1"
        },
        "timestamp": "2024-03-22T08:51:17.576906345"
    },
    "homo_sapiens - reference - stub": {
        "content": [
            {
                "0": [
                    "genome.filtered.gtf:md5,d41d8cd98f00b204e9800998ecf8427e"
                ],
                "1": [
                    "versions.yml:md5,440fb677a34013b092e10c5daa9916e9"
                ],
                "gtf": [
                    "genome.filtered.gtf:md5,d41d8cd98f00b204e9800998ecf8427e"
                ],
                "versions": [
                    "versions.yml:md5,440fb677a34013b092e10c5daa9916e9"
                ]
            }
        ],
        "meta": {
            "nf-test": "0.8.4",
            "nextflow": "23.10.1"
        },
        "timestamp": "2024-03-22T08:51:23.23741543"
    }
}