{
    "homo_sapiens illumina paired-end sorted [cram] - stub": {
        "content": [
            [
                "test.alleleCount",
                "versions.yml:md5,8bdaeec50c801607b958c025903e59eb"
            ]
        ],
        "timestamp": "2023-12-25T23:25:08.851096878"
    },
    "homo_sapiens illumina paired-end sorted [cram]": {
        "content": [
            {
                "0": [
                    [
                        {
                            "id": "test",
                            "single_end": false
                        },
                        "test.alleleCount:md5,2f83352a185168c7c98e9e42550b2856"
                    ]
                ],
                "1": [
                    "versions.yml:md5,8bdaeec50c801607b958c025903e59eb"
                ],
                "allelecount": [
                    [
                        {
                            "id": "test",
                            "single_end": false
                        },
                        "test.alleleCount:md5,2f83352a185168c7c98e9e42550b2856"
                    ]
                ],
                "versions": [
                    "versions.yml:md5,8bdaeec50c801607b958c025903e59eb"
                ]
            }
        ],
        "timestamp": "2023-12-25T23:24:58.688570785"
    }
}