{
    "QUILT2 no optional files": {
        "content": [
            {
                "0": [
                    
                ],
                "1": [
                    
                ],
                "2": [
                    
                ],
                "3": [
                    
                ],
                "4": [
                    
                ],
                "plots": [
                    
                ],
                "rdata": [
                    
                ],
                "tbi": [
                    
                ],
                "vcf": [
                    
                ],
                "versions": [
                    
                ]
            }
        ],
        "meta": {
            "nf-test": "0.9.2",
            "nextflow": "24.10.5"
        },
        "timestamp": "2025-04-29T14:56:04.174405471"
    }
}