{
    "test-biobambam-bammerge-paired": {
        "content": [
            "b21a14064887edf38c798893228c30ba",
            "test.bam.bai",
            [
                [
                    {
                        "id": "test",
                        "single_end": false
                    },
                    "test.md5:md5,31c59857990ceb392242136429e30243"
                ]
            ],
            [
                "versions.yml:md5,9a4e6cfa364f1f6ef9112fa248d66fea"
            ]
        ],
        "meta": {
            "nf-test": "0.8.4",
            "nextflow": "24.04.4"
        },
        "timestamp": "2024-08-28T10:28:49.100225"
    },
    "test-biobambam-bammerge-single": {
        "content": [
            "94fcf617f5b994584c4e8d4044e16b4f",
            "test.bam.bai",
            [
                [
                    {
                        "id": "test",
                        "single_end": false
                    },
                    "test.md5:md5,244a9d1cbc6d74724285c80220e5e427"
                ]
            ],
            [
                "versions.yml:md5,9a4e6cfa364f1f6ef9112fa248d66fea"
            ]
        ],
        "meta": {
            "nf-test": "0.8.4",
            "nextflow": "24.04.4"
        },
        "timestamp": "2024-08-28T10:27:48.721949"
    }
}