{
    "human - cov2": {
        "content": [
            "test.bam",
            [
                [
                    {
                        "id": "test"
                    },
                    "test.bam.bai:md5,1875beeac75ca2315b717cb3ca09b65d"
                ]
            ],
            [
                
            ],
            [
                [
                    {
                        "id": "test"
                    },
                    "test.stats:md5,5e06ccdcde82cfd2ef49bf6f046abd69"
                ]
            ],
            [
                [
                    {
                        "id": "test"
                    },
                    "test.flagstat:md5,9b28b87271513d81e264f70b8ed66d28"
                ]
            ],
            [
                [
                    {
                        "id": "test"
                    },
                    "test.idxstats:md5,3b4efdc01262257caa34944471523c3a"
                ]
            ],
            "test_contamination_output.bam",
            "test.bam",
            [
                [
                    {
                        "id": "test"
                    },
                    "test.bam.bai:md5,0a91485c653035969896357b9e56b46a"
                ]
            ],
            [
                
            ],
            [
                [
                    {
                        "id": "test"
                    },
                    "test.stats:md5,570ca7d277519c102d8a9422d326d6da"
                ]
            ],
            [
                [
                    {
                        "id": "test"
                    },
                    "test.flagstat:md5,3a88537ef7013b71329ec556e2c30667"
                ]
            ],
            [
                [
                    {
                        "id": "test"
                    },
                    "test.idxstats:md5,11d88e919bb262961ecab0830b973b19"
                ]
            ],
            [
                "versions.yml:md5,3296f2297faeb2ef63535a784a9c2e34",
                "versions.yml:md5,37ae33b453a875f250417857377d8337",
                "versions.yml:md5,387af100b76b58a1ed06232a0a34499a",
                "versions.yml:md5,6303b8cfc91c8a3959ebc33c9b8f5b17",
                "versions.yml:md5,6ed38ac2c8450fc843ce91daa517d53b",
                "versions.yml:md5,833376ef7f98bad44baecda8de4e5b00",
                "versions.yml:md5,ad0549fc2aa46a86a4f356682fe24b4a",
                "versions.yml:md5,b1c53066e6267a0e8f56496971b48b08",
                "versions.yml:md5,c31f6afabf67a3993ca87647cfbc2e9a",
                "versions.yml:md5,d5f380a2f69adfed3058bb49523dd2a1",
                "versions.yml:md5,e74bcc9b3d14d0c35c6f7795add7a51c",
                "versions.yml:md5,f8c3633479ad4d4cb6b529e65f70e27b",
                "versions.yml:md5,fcaa6870dc3697aa8ab399ae5013bd03"
            ]
        ],
        "meta": {
            "nf-test": "0.8.4",
            "nextflow": "23.10.1"
        },
        "timestamp": "2024-05-20T15:57:40.942286503"
    }
}