{
    "mm9 chr1": {
        "content": [
            {
                "0": [
                    [
                        {
                            "id": "test"
                        },
                        [
                            "test_pca1.bigwig:md5,e228fde481bedea641bcd0204bb663a4",
                            "test_pca2.bigwig:md5,109c0d3cc70ecaf3647f3293504a9683"
                        ]
                    ]
                ],
                "1": [
                    [
                        {
                            "id": "test"
                        },
                        "test_pca1.bigwig:md5,e228fde481bedea641bcd0204bb663a4"
                    ]
                ],
                "2": [
                    [
                        {
                            "id": "test"
                        },
                        "test_pca2.bigwig:md5,109c0d3cc70ecaf3647f3293504a9683"
                    ]
                ],
                "3": [
                    "versions.yml:md5,54775e8cd6ce193be8705000c3279192"
                ],
                "pca1": [
                    [
                        {
                            "id": "test"
                        },
                        "test_pca1.bigwig:md5,e228fde481bedea641bcd0204bb663a4"
                    ]
                ],
                "pca2": [
                    [
                        {
                            "id": "test"
                        },
                        "test_pca2.bigwig:md5,109c0d3cc70ecaf3647f3293504a9683"
                    ]
                ],
                "results": [
                    [
                        {
                            "id": "test"
                        },
                        [
                            "test_pca1.bigwig:md5,e228fde481bedea641bcd0204bb663a4",
                            "test_pca2.bigwig:md5,109c0d3cc70ecaf3647f3293504a9683"
                        ]
                    ]
                ],
                "versions": [
                    "versions.yml:md5,54775e8cd6ce193be8705000c3279192"
                ]
            }
        ],
        "meta": {
            "nf-test": "0.9.2",
            "nextflow": "24.10.3"
        },
        "timestamp": "2025-01-09T11:04:14.308469361"
    },
    "mm9 chr1 - stub": {
        "content": [
            {
                "0": [
                    [
                        {
                            "id": "test"
                        },
                        [
                            "test_pca1.bigwig:md5,d41d8cd98f00b204e9800998ecf8427e",
                            "test_pca2.bigwig:md5,d41d8cd98f00b204e9800998ecf8427e"
                        ]
                    ]
                ],
                "1": [
                    [
                        {
                            "id": "test"
                        },
                        "test_pca1.bigwig:md5,d41d8cd98f00b204e9800998ecf8427e"
                    ]
                ],
                "2": [
                    [
                        {
                            "id": "test"
                        },
                        "test_pca2.bigwig:md5,d41d8cd98f00b204e9800998ecf8427e"
                    ]
                ],
                "3": [
                    "versions.yml:md5,54775e8cd6ce193be8705000c3279192"
                ],
                "pca1": [
                    [
                        {
                            "id": "test"
                        },
                        "test_pca1.bigwig:md5,d41d8cd98f00b204e9800998ecf8427e"
                    ]
                ],
                "pca2": [
                    [
                        {
                            "id": "test"
                        },
                        "test_pca2.bigwig:md5,d41d8cd98f00b204e9800998ecf8427e"
                    ]
                ],
                "results": [
                    [
                        {
                            "id": "test"
                        },
                        [
                            "test_pca1.bigwig:md5,d41d8cd98f00b204e9800998ecf8427e",
                            "test_pca2.bigwig:md5,d41d8cd98f00b204e9800998ecf8427e"
                        ]
                    ]
                ],
                "versions": [
                    "versions.yml:md5,54775e8cd6ce193be8705000c3279192"
                ]
            }
        ],
        "meta": {
            "nf-test": "0.9.2",
            "nextflow": "24.10.3"
        },
        "timestamp": "2025-01-09T11:04:26.856478191"
    }
}