{
    "setoxin - phylip - stub": {
        "content": [
            {
                "0": [
                    [
                        {
                            "id": "test"
                        },
                        "setoxin.ref.nwk:md5,d41d8cd98f00b204e9800998ecf8427e"
                    ]
                ],
                "1": [
                    [
                        {
                            "id": "test"
                        },
                        "setoxin.ref_stat.txt:md5,d41d8cd98f00b204e9800998ecf8427e"
                    ]
                ],
                "2": [
                    
                ],
                "3": [
                    
                ],
                "4": [
                    "versions.yml:md5,0e7f28ae349efffa1ef75c2279e975b6"
                ],
                "bootstrap": [
                    
                ],
                "matrix": [
                    
                ],
                "nwk": [
                    [
                        {
                            "id": "test"
                        },
                        "setoxin.ref.nwk:md5,d41d8cd98f00b204e9800998ecf8427e"
                    ]
                ],
                "stats": [
                    [
                        {
                            "id": "test"
                        },
                        "setoxin.ref_stat.txt:md5,d41d8cd98f00b204e9800998ecf8427e"
                    ]
                ],
                "versions": [
                    "versions.yml:md5,0e7f28ae349efffa1ef75c2279e975b6"
                ]
            }
        ],
        "meta": {
            "nf-test": "0.8.4",
            "nextflow": "23.10.0"
        },
        "timestamp": "2024-03-19T10:03:04.842045"
    },
    "versions": {
        "content": [
            [
                "versions.yml:md5,0e7f28ae349efffa1ef75c2279e975b6"
            ]
        ],
        "meta": {
            "nf-test": "0.8.4",
            "nextflow": "23.10.0"
        },
        "timestamp": "2024-03-19T10:02:58.72899"
    },
    "stats_boot": {
        "content": [
            [
                "",
                " - FastME 2.1.6.1 - ",
                "",
                "",
                "Papers to be cited:",
                "",
                "FastME 2.0 - A comprehensive, accurate and fast distance-based phylogeny inference program.",
                "\tVincent Lefort, Richard Desper and Olivier Gascuel,",
                "\tMolecular Biology and Evolution 32(10), 2798-800, 2015.",
                "BIONJ algorithm:",
                "\tGascuel O. 1997. BIONJ: an improved version of the NJ algorithm based on a simple model of sequence data.",
                "\tMolecular Biology and Evolution, 14(7):685-695",
                ""
            ]
        ],
        "meta": {
            "nf-test": "0.8.4",
            "nextflow": "23.10.0"
        },
        "timestamp": "2024-03-19T10:09:35.813028"
    },
    "setoxin - phylip - with_tree": {
        "content": [
            {
                "0": [
                    [
                        {
                            "id": "test"
                        },
                        "test.txt.nwk:md5,cbd6a41704951c56512f2f755dc13d4e"
                    ]
                ],
                "1": [
                    [
                        {
                            "id": "test"
                        },
                        "test.txt_fastme_stat.txt:md5,de3629be9e561cd78286bc565036a1d9"
                    ]
                ],
                "2": [
                    
                ],
                "3": [
                    
                ],
                "4": [
                    "versions.yml:md5,0e7f28ae349efffa1ef75c2279e975b6"
                ],
                "bootstrap": [
                    
                ],
                "matrix": [
                    
                ],
                "nwk": [
                    [
                        {
                            "id": "test"
                        },
                        "test.txt.nwk:md5,cbd6a41704951c56512f2f755dc13d4e"
                    ]
                ],
                "stats": [
                    [
                        {
                            "id": "test"
                        },
                        "test.txt_fastme_stat.txt:md5,de3629be9e561cd78286bc565036a1d9"
                    ]
                ],
                "versions": [
                    "versions.yml:md5,0e7f28ae349efffa1ef75c2279e975b6"
                ]
            }
        ],
        "meta": {
            "nf-test": "0.8.4",
            "nextflow": "23.10.0"
        },
        "timestamp": "2024-03-19T10:02:51.77025"
    },
    "setoxin - phylip - basic": {
        "content": [
            {
                "0": [
                    [
                        {
                            "id": "test"
                        },
                        "test.txt.nwk:md5,72ef94af973b93bec264149ae4abafb3"
                    ]
                ],
                "1": [
                    [
                        {
                            "id": "test"
                        },
                        "test.txt_fastme_stat.txt:md5,b8cfaff0c62868a8dea2614f09d0e5af"
                    ]
                ],
                "2": [
                    
                ],
                "3": [
                    
                ],
                "4": [
                    "versions.yml:md5,0e7f28ae349efffa1ef75c2279e975b6"
                ],
                "bootstrap": [
                    
                ],
                "matrix": [
                    
                ],
                "nwk": [
                    [
                        {
                            "id": "test"
                        },
                        "test.txt.nwk:md5,72ef94af973b93bec264149ae4abafb3"
                    ]
                ],
                "stats": [
                    [
                        {
                            "id": "test"
                        },
                        "test.txt_fastme_stat.txt:md5,b8cfaff0c62868a8dea2614f09d0e5af"
                    ]
                ],
                "versions": [
                    "versions.yml:md5,0e7f28ae349efffa1ef75c2279e975b6"
                ]
            }
        ],
        "meta": {
            "nf-test": "0.8.4",
            "nextflow": "23.10.0"
        },
        "timestamp": "2024-03-19T10:02:44.598308"
    }
}