{
    "homo_sampiens - bam": {
        "content": [
            "test.plotFingerprint.pdf",
            "test.plotFingerprint.raw.txt",
            [
                false
            ],
            [
                "versions.yml:md5,2dd872e44f5b7284c080491607d9b42a"
            ]
        ],
        "meta": {
            "nf-test": "0.9.0",
            "nextflow": "24.04.3"
        },
        "timestamp": "2024-08-05T10:14:38.559795237"
    },
    "homo_sampiens - bam - stub": {
        "content": [
            {
                "0": [
                    [
                        {
                            "id": "test",
                            "single_end": false
                        },
                        "test.plotFingerprint.pdf:md5,d41d8cd98f00b204e9800998ecf8427e"
                    ]
                ],
                "1": [
                    [
                        {
                            "id": "test",
                            "single_end": false
                        },
                        "test.plotFingerprint.raw.txt:md5,d41d8cd98f00b204e9800998ecf8427e"
                    ]
                ],
                "2": [
                    [
                        {
                            "id": "test",
                            "single_end": false
                        },
                        "test.plotFingerprint.qcmetrics.txt:md5,d41d8cd98f00b204e9800998ecf8427e"
                    ]
                ],
                "3": [
                    "versions.yml:md5,2dd872e44f5b7284c080491607d9b42a"
                ],
                "matrix": [
                    [
                        {
                            "id": "test",
                            "single_end": false
                        },
                        "test.plotFingerprint.raw.txt:md5,d41d8cd98f00b204e9800998ecf8427e"
                    ]
                ],
                "metrics": [
                    [
                        {
                            "id": "test",
                            "single_end": false
                        },
                        "test.plotFingerprint.qcmetrics.txt:md5,d41d8cd98f00b204e9800998ecf8427e"
                    ]
                ],
                "pdf": [
                    [
                        {
                            "id": "test",
                            "single_end": false
                        },
                        "test.plotFingerprint.pdf:md5,d41d8cd98f00b204e9800998ecf8427e"
                    ]
                ],
                "versions": [
                    "versions.yml:md5,2dd872e44f5b7284c080491607d9b42a"
                ]
            }
        ],
        "meta": {
            "nf-test": "0.9.0",
            "nextflow": "24.04.3"
        },
        "timestamp": "2024-08-05T10:14:45.23521809"
    }
}