{
    "test_vrhyme_extractunbinned -- stub": {
        "content": [
            {
                "0": [
                    [
                        {
                            "id": "test",
                            "single_end": false
                        },
                        "test_unbinned_sequences.fasta:md5,d41d8cd98f00b204e9800998ecf8427e"
                    ]
                ],
                "1": [
                    "versions.yml:md5,19f257878bced6c770eaf8ed45151b96"
                ],
                "unbinned_sequences": [
                    [
                        {
                            "id": "test",
                            "single_end": false
                        },
                        "test_unbinned_sequences.fasta:md5,d41d8cd98f00b204e9800998ecf8427e"
                    ]
                ],
                "versions": [
                    "versions.yml:md5,19f257878bced6c770eaf8ed45151b96"
                ]
            }
        ],
        "meta": {
            "nf-test": "0.9.2",
            "nextflow": "24.10.5"
        },
        "timestamp": "2025-03-30T20:31:33.979555851"
    },
    "test_vrhyme_extractunbinned": {
        "content": [
            {
                "0": [
                    [
                        {
                            "id": "test",
                            "single_end": false
                        },
                        "test_unbinned_sequences.fasta:md5,816e986c8ad8f277eb4a4891a12d7aff"
                    ]
                ],
                "1": [
                    "versions.yml:md5,19f257878bced6c770eaf8ed45151b96"
                ],
                "unbinned_sequences": [
                    [
                        {
                            "id": "test",
                            "single_end": false
                        },
                        "test_unbinned_sequences.fasta:md5,816e986c8ad8f277eb4a4891a12d7aff"
                    ]
                ],
                "versions": [
                    "versions.yml:md5,19f257878bced6c770eaf8ed45151b96"
                ]
            }
        ],
        "meta": {
            "nf-test": "0.9.2",
            "nextflow": "24.10.5"
        },
        "timestamp": "2025-03-31T10:00:14.099653894"
    }
}