{
    "yaml - map_file": {
        "content": [
            {
                "0": [
                    [
                        {
                            "id": "template"
                        },
                        "template.yaml:md5,d85fd82470de636a7d97b869d6c32fbc"
                    ]
                ],
                "1": [
                    "versions.yml:md5,38d0aa4f7c9871ffc21a908df10e3b9d"
                ],
                "rendered": [
                    [
                        {
                            "id": "template"
                        },
                        "template.yaml:md5,d85fd82470de636a7d97b869d6c32fbc"
                    ]
                ],
                "versions": [
                    "versions.yml:md5,38d0aa4f7c9871ffc21a908df10e3b9d"
                ]
            }
        ],
        "meta": {
            "nf-test": "0.9.2",
            "nextflow": "25.04.3"
        },
        "timestamp": "2025-07-14T11:19:26.872521"
    },
    "yaml - map": {
        "content": [
            {
                "0": [
                    [
                        {
                            "id": "template"
                        },
                        "template.yaml:md5,d85fd82470de636a7d97b869d6c32fbc"
                    ]
                ],
                "1": [
                    "versions.yml:md5,38d0aa4f7c9871ffc21a908df10e3b9d"
                ],
                "rendered": [
                    [
                        {
                            "id": "template"
                        },
                        "template.yaml:md5,d85fd82470de636a7d97b869d6c32fbc"
                    ]
                ],
                "versions": [
                    "versions.yml:md5,38d0aa4f7c9871ffc21a908df10e3b9d"
                ]
            }
        ],
        "meta": {
            "nf-test": "0.9.2",
            "nextflow": "25.04.3"
        },
        "timestamp": "2025-07-14T11:19:16.956644"
    },
    "yaml - map_file - stub": {
        "content": [
            {
                "0": [
                    [
                        {
                            "id": "template"
                        },
                        "template.yaml:md5,d41d8cd98f00b204e9800998ecf8427e"
                    ]
                ],
                "1": [
                    "versions.yml:md5,38d0aa4f7c9871ffc21a908df10e3b9d"
                ],
                "rendered": [
                    [
                        {
                            "id": "template"
                        },
                        "template.yaml:md5,d41d8cd98f00b204e9800998ecf8427e"
                    ]
                ],
                "versions": [
                    "versions.yml:md5,38d0aa4f7c9871ffc21a908df10e3b9d"
                ]
            }
        ],
        "meta": {
            "nf-test": "0.9.2",
            "nextflow": "25.04.3"
        },
        "timestamp": "2025-07-14T11:19:31.39573"
    },
    "yaml - map - stub": {
        "content": [
            {
                "0": [
                    [
                        {
                            "id": "template"
                        },
                        "template.yaml:md5,d41d8cd98f00b204e9800998ecf8427e"
                    ]
                ],
                "1": [
                    "versions.yml:md5,38d0aa4f7c9871ffc21a908df10e3b9d"
                ],
                "rendered": [
                    [
                        {
                            "id": "template"
                        },
                        "template.yaml:md5,d41d8cd98f00b204e9800998ecf8427e"
                    ]
                ],
                "versions": [
                    "versions.yml:md5,38d0aa4f7c9871ffc21a908df10e3b9d"
                ]
            },
            {
                "YTE": {
                    "yte": "1.9.0"
                }
            }
        ],
        "meta": {
            "nf-test": "0.9.2",
            "nextflow": "25.04.3"
        },
        "timestamp": "2025-07-14T11:20:56.570353"
    }
}