{
    "sarscov2 - fastq - fastq": {
        "content": [
            {
                "0": [
                    [
                        {
                            "id": "db"
                        },
                        "db.txt:md5,fb22ad13f9685d5bf5026542b9b2a6b8"
                    ]
                ],
                "1": [
                    "versions.yml:md5,8edd746a7a248643d2cbf1b7e576fe38"
                ],
                "txt": [
                    [
                        {
                            "id": "db"
                        },
                        "db.txt:md5,fb22ad13f9685d5bf5026542b9b2a6b8"
                    ]
                ],
                "versions": [
                    "versions.yml:md5,8edd746a7a248643d2cbf1b7e576fe38"
                ]
            }
        ],
        "meta": {
            "nf-test": "0.8.4",
            "nextflow": "24.03.0"
        },
        "timestamp": "2024-04-16T15:11:43.6682881"
    },
    "sarscov2 - fastq - stub": {
        "content": [
            {
                "0": [
                    [
                        {
                            "id": "db"
                        },
                        "db.txt:md5,d41d8cd98f00b204e9800998ecf8427e"
                    ]
                ],
                "1": [
                    "versions.yml:md5,8edd746a7a248643d2cbf1b7e576fe38"
                ],
                "txt": [
                    [
                        {
                            "id": "db"
                        },
                        "db.txt:md5,d41d8cd98f00b204e9800998ecf8427e"
                    ]
                ],
                "versions": [
                    "versions.yml:md5,8edd746a7a248643d2cbf1b7e576fe38"
                ]
            }
        ],
        "meta": {
            "nf-test": "0.8.4",
            "nextflow": "24.03.0"
        },
        "timestamp": "2024-04-16T15:11:50.686596"
    }
}