{
    "test-samtools-getrg": {
        "content": [
            [
                "@RG\tID:1\tLB:lib1\tPL:ILLUMINA\tSM:test\tPU:barcode1"
            ],
            [
                "versions.yml:md5,40cf98b3daaf262b18e889ea734dbc40"
            ]
        ],
        "meta": {
            "nf-test": "0.9.0",
            "nextflow": "24.04.4"
        },
        "timestamp": "2024-09-16T08:11:06.35329516"
    }
}