{
    "test-cnvkit-call": {
        "content": [
            {
                "0": [
                    [
                        {
                            "id": "test",
                            "single_end": false
                        },
                        "test.cns:md5,6cff57a91d0376d5d3df6cf669935a82"
                    ]
                ],
                "1": [
                    "versions.yml:md5,f47253e21b991f72a741d6b5c9a351a5"
                ],
                "cns": [
                    [
                        {
                            "id": "test",
                            "single_end": false
                        },
                        "test.cns:md5,6cff57a91d0376d5d3df6cf669935a82"
                    ]
                ],
                "versions": [
                    "versions.yml:md5,f47253e21b991f72a741d6b5c9a351a5"
                ]
            }
        ],
        "meta": {
            "nf-test": "0.9.2",
            "nextflow": "24.10.3"
        },
        "timestamp": "2024-12-18T17:17:47.974482513"
    },
    "test-cnvkit-call-with-vcf": {
        "content": [
            {
                "0": [
                    [
                        {
                            "id": "test",
                            "single_end": false
                        },
                        "test.cns:md5,c9a2bac6fd2980071a499c0ede0d6274"
                    ]
                ],
                "1": [
                    "versions.yml:md5,f47253e21b991f72a741d6b5c9a351a5"
                ],
                "cns": [
                    [
                        {
                            "id": "test",
                            "single_end": false
                        },
                        "test.cns:md5,c9a2bac6fd2980071a499c0ede0d6274"
                    ]
                ],
                "versions": [
                    "versions.yml:md5,f47253e21b991f72a741d6b5c9a351a5"
                ]
            }
        ],
        "meta": {
            "nf-test": "0.9.2",
            "nextflow": "24.10.3"
        },
        "timestamp": "2024-12-18T17:18:06.750975881"
    },
    "test-cnvkit-call-with-vcf-stub": {
        "content": [
            {
                "0": [
                    [
                        {
                            "id": "test",
                            "single_end": false
                        },
                        "test.cns:md5,d41d8cd98f00b204e9800998ecf8427e"
                    ]
                ],
                "1": [
                    "versions.yml:md5,f47253e21b991f72a741d6b5c9a351a5"
                ],
                "cns": [
                    [
                        {
                            "id": "test",
                            "single_end": false
                        },
                        "test.cns:md5,d41d8cd98f00b204e9800998ecf8427e"
                    ]
                ],
                "versions": [
                    "versions.yml:md5,f47253e21b991f72a741d6b5c9a351a5"
                ]
            }
        ],
        "meta": {
            "nf-test": "0.9.0",
            "nextflow": "24.04.4"
        },
        "timestamp": "2024-09-05T22:24:56.743954"
    }
}